MariaDB [(none)]> CREATE TABLE manu(Code INTEGER(3) AUTO_INCREMENT ,Name VARCHAR(50) NOT NULL,CONSTRAINT PK_MANU PRIMARY KEY (CODE));
ERROR 1046 (3D000): No database selected
MariaDB [(none)]> CREATE DATABASE KHUSHBOO;
Query OK, 1 row affected (0.03 sec)

MariaDB [(none)]> USE KHUSHBOO;
Database changed
MariaDB [KHUSHBOO]> CREATE TABLE manu(Code INTEGER(3) AUTO_INCREMENT ,Name VARCHAR(50) NOT NULL,CONSTRAINT PK_MANU PRIMARY KEY (CODE));
Query OK, 0 rows affected (0.69 sec)

MariaDB [KHUSHBOO]> INSERT INTO manu(Name) VALUES('Sony');INSERT INTO manu(Name) VALUES('Creative Labs');INSERT INTO manu(Name) VALUES('Hewlett-Packard');INSERT INTO manu(Name) VALUES('Iomega');INSERT INTO manu(Name) VALUES('Fujitsu');INSERT INTO manu(Name) VALUES('Winchester');INSERT INTO manu(Name) VALUES('moxDroid Labs Inc');INSERT INTO manu(Name) VALUES("Dell");INSERT INTO manu(Name) VALUES("Bell Labs");CREATE TABLE Products (    Code INTEGER(3) AUTO_INCREMENT,    Name VARCHAR(255) NOT NULL ,    Price DECIMAL NOT NULL ,    Manufacturer INTEGER(3),    CONSTRAINT PK_PRODUCTS PRIMARY KEY (Code),    CONSTRAINT FK_PRODUCTS FOREIGN KEY (Manufacturer) REFERENCES manu(Code)     );INSERT INTO Products(Name,Price,Manufacturer) VALUES('Hard drive',240,5);INSERT INTO Products(Name,Price,Manufacturer) VALUES('Memory',120,6);INSERT INTO Products(Name,Price,Manufacturer) VALUES('ZIP drive',150,4);INSERT INTO Products(Name,Price,Manufacturer) VALUES('Floppy disk',5,6);INSERT INTO Products(Name,Price,Manufacturer) VALUES('Monitor',240,1);INSERT INTO Products(Name,Price,Manufacturer) VALUES('DVD drive',180,2);INSERT INTO Products(Name,Price,Manufacturer) VALUES('CD drive',90,2);INSERT INTO Products(Name,Price,Manufacturer) VALUES('Printer',270,3);INSERT INTO Products(Name,Price,Manufacturer) VALUES('Toner cartridge',66,3);INSERT INTO Products(Name,Price,Manufacturer) VALUES('DVD burner',180,2);INSERT INTO Products(Name,Price,Manufacturer) VALUES('Printer',40.00,7);INSERT INTO Products(Name,Price,Manufacturer) VALUES('Toner cartridge',54.00,7);INSERT INTO Products(Name,Price,Manufacturer) VALUES('DVD burner',78.00,7);
Query OK, 1 row affected (0.06 sec)

Query OK, 1 row affected (0.03 sec)

Query OK, 1 row affected (0.09 sec)

Query OK, 1 row affected (0.09 sec)

Query OK, 1 row affected (0.01 sec)

Query OK, 1 row affected (0.03 sec)

Query OK, 1 row affected (0.01 sec)

Query OK, 1 row affected (0.03 sec)

Query OK, 1 row affected (0.03 sec)

Query OK, 0 rows affected (0.48 sec)

Query OK, 1 row affected (0.03 sec)

Query OK, 1 row affected (0.03 sec)

Query OK, 1 row affected (0.05 sec)

Query OK, 1 row affected (0.02 sec)

Query OK, 1 row affected (0.05 sec)

Query OK, 1 row affected (0.03 sec)

Query OK, 1 row affected (0.03 sec)

Query OK, 1 row affected (0.03 sec)

Query OK, 1 row affected (0.06 sec)

Query OK, 1 row affected (0.03 sec)

Query OK, 1 row affected (0.05 sec)

Query OK, 1 row affected (0.06 sec)

Query OK, 1 row affected (0.05 sec)

MariaDB [KHUSHBOO]> select * from manu;
+------+-------------------+
| Code | Name              |
+------+-------------------+
|    1 | Sony              |
|    2 | Creative Labs     |
|    3 | Hewlett-Packard   |
|    4 | Iomega            |
|    5 | Fujitsu           |
|    6 | Winchester        |
|    7 | moxDroid Labs Inc |
|    8 | Dell              |
|    9 | Bell Labs         |
+------+-------------------+
9 rows in set (0.00 sec)

MariaDB [KHUSHBOO]> delete table manu;
ERROR 1064 (42000): You have an error in your SQL syntax; check the manual that corresponds to your MariaDB server version for the right syntax to use near 'table manu' at line 1
MariaDB [KHUSHBOO]> drop manu;
ERROR 1064 (42000): You have an error in your SQL syntax; check the manual that corresponds to your MariaDB server version for the right syntax to use near 'manu' at line 1
MariaDB [KHUSHBOO]> drop table manu;
ERROR 1451 (23000): Cannot delete or update a parent row: a foreign key constraint fails
MariaDB [KHUSHBOO]> CREATE TABLE manu(Code INTEGER(3) AUTO_INCREMENT ,Name VARCHAR(50) NOT NULL,CONSTRAINT PK_MANU PRIMARY KEY (CODE));
ERROR 1050 (42S01): Table 'manu' already exists
MariaDB [KHUSHBOO]> CREATE TABLE Kmanu(Code INTEGER(3) AUTO_INCREMENT ,Name VARCHAR(50) NOT NULL,CONSTRAINT PK_MANU PRIMARY KEY (CODE));
Query OK, 0 rows affected (0.27 sec)

MariaDB [KHUSHBOO]>  INSERT INTO manu(Name) VALUES('Sony');INSERT INTO manu(Name) VALUES('Creative Labs');INSERT INTO manu(Name) VALUES('Hewlett-Packard');INSERT INTO manu(Name) VALUES('Iomega');INSERT INTO manu(Name) VALUES('Fujitsu');INSERT INTO manu(Name) VALUES('Winchester');INSERT INTO manu(Name) VALUES('moxDroid Labs Inc');INSERT INTO manu(Name) VALUES("Dell");INSERT INTO manu(Name) VALUES("Bell Labs");
Query OK, 1 row affected (0.13 sec)

Query OK, 1 row affected (0.03 sec)

Query OK, 1 row affected (0.01 sec)

Query OK, 1 row affected (0.02 sec)

Query OK, 1 row affected (0.03 sec)

Query OK, 1 row affected (0.02 sec)

Query OK, 1 row affected (0.03 sec)

Query OK, 1 row affected (0.02 sec)

Query OK, 1 row affected (0.01 sec)

MariaDB [KHUSHBOO]> CREATE TABLE Products (    Code INTEGER(3) AUTO_INCREMENT,    Name VARCHAR(255) NOT NULL ,    Price DECIMAL NOT NULL ,    Manufacturer INTEGER(3),    CONSTRAINT PK_PRODUCTS PRIMARY KEY (Code),    CONSTRAINT FK_PRODUCTS FOREIGN KEY (Manufacturer) REFERENCES manu(Code)     );INSERT INTO Products(Name,Price,Manufacturer) VALUES('Hard drive',240,5);INSERT INTO Products(Name,Price,Manufacturer) VALUES('Memory',120,6);INSERT INTO Products(Name,Price,Manufacturer) VALUES('ZIP drive',150,4);INSERT INTO Products(Name,Price,Manufacturer) VALUES('Floppy disk',5,6);INSERT INTO Products(Name,Price,Manufacturer) VALUES('Monitor',240,1);INSERT INTO Products(Name,Price,Manufacturer) VALUES('DVD drive',180,2);INSERT INTO Products(Name,Price,Manufacturer) VALUES('CD drive',90,2);INSERT INTO Products(Name,Price,Manufacturer) VALUES('Printer',270,3);INSERT INTO Products(Name,Price,Manufacturer) VALUES('Toner cartridge',66,3);INSERT INTO Products(Name,Price,Manufacturer) VALUES('DVD burner',180,2);INSERT INTO Products(Name,Price,Manufacturer) VALUES('Printer',40.00,7);INSERT INTO Products(Name,Price,Manufacturer) VALUES('Toner cartridge',54.00,7);INSERT INTO Products(Name,Price,Manufacturer) VALUES('DVD burner',78.00,7);
ERROR 1050 (42S01): Table 'products' already exists
Query OK, 1 row affected (0.06 sec)

Query OK, 1 row affected (0.03 sec)

Query OK, 1 row affected (0.05 sec)

Query OK, 1 row affected (0.32 sec)

Query OK, 1 row affected (0.17 sec)

Query OK, 1 row affected (0.07 sec)

Query OK, 1 row affected (0.12 sec)

Query OK, 1 row affected (0.11 sec)

Query OK, 1 row affected (0.09 sec)

Query OK, 1 row affected (0.08 sec)

Query OK, 1 row affected (0.18 sec)

Query OK, 1 row affected (0.07 sec)

Query OK, 1 row affected (0.08 sec)

MariaDB [KHUSHBOO]> CREATE TABLE KProducts (    Code INTEGER(3) AUTO_INCREMENT,    Name VARCHAR(255) NOT NULL ,    Price DECIMAL NOT NULL ,    Manufacturer INTEGER(3),    CONSTRAINT PK_PRODUCTS PRIMARY KEY (Code),    CONSTRAINT FK_PRODUCTS FOREIGN KEY (Manufacturer) REFERENCES manu(Code)     );INSERT INTO Products(Name,Price,Manufacturer) VALUES('Hard drive',240,5);INSERT INTO Products(Name,Price,Manufacturer) VALUES('Memory',120,6);INSERT INTO Products(Name,Price,Manufacturer) VALUES('ZIP drive',150,4);INSERT INTO Products(Name,Price,Manufacturer) VALUES('Floppy disk',5,6);INSERT INTO Products(Name,Price,Manufacturer) VALUES('Monitor',240,1);INSERT INTO Products(Name,Price,Manufacturer) VALUES('DVD drive',180,2);INSERT INTO Products(Name,Price,Manufacturer) VALUES('CD drive',90,2);INSERT INTO Products(Name,Price,Manufacturer) VALUES('Printer',270,3);INSERT INTO Products(Name,Price,Manufacturer) VALUES('Toner cartridge',66,3);INSERT INTO Products(Name,Price,Manufacturer) VALUES('DVD burner',180,2);INSERT INTO Products(Name,Price,Manufacturer) VALUES('Printer',40.00,7);INSERT INTO Products(Name,Price,Manufacturer) VALUES('Toner cartridge',54.00,7);INSERT INTO Products(Name,Price,Manufacturer) VALUES('DVD burner',78.00,7);
ERROR 1005 (HY000): Can't create table `khushboo`.`kproducts` (errno: 121 "Duplicate key on write or update")
Query OK, 1 row affected (0.04 sec)

Query OK, 1 row affected (0.04 sec)

Query OK, 1 row affected (0.06 sec)

Query OK, 1 row affected (0.04 sec)

Query OK, 1 row affected (0.03 sec)

Query OK, 1 row affected (0.11 sec)

Query OK, 1 row affected (0.05 sec)

Query OK, 1 row affected (0.04 sec)

Query OK, 1 row affected (0.05 sec)

Query OK, 1 row affected (0.04 sec)

Query OK, 1 row affected (0.04 sec)

Query OK, 1 row affected (0.05 sec)

Query OK, 1 row affected (0.04 sec)

MariaDB [KHUSHBOO]> SELECT * FROM KMANU;
Empty set (0.02 sec)

MariaDB [KHUSHBOO]> SELECT * FROM Kmanu;
Empty set (0.00 sec)

MariaDB [KHUSHBOO]> select * from kproducts;
ERROR 1146 (42S02): Table 'khushboo.kproducts' doesn't exist
MariaDB [KHUSHBOO]> show databases;
+--------------------+
| Database           |
+--------------------+
| information_schema |
| khushboo           |
| mysql              |
| performance_schema |
| phpmyadmin         |
| test               |
+--------------------+
6 rows in set (0.00 sec)

MariaDB [KHUSHBOO]> CREATE TABLE KProducts (    Code INTEGER(3) AUTO_INCREMENT,    Name VARCHAR(255) NOT NULL ,    Price DECIMAL NOT NULL ,    Manufacturer INTEGER(3),    CONSTRAINT PK_PRODUCTS PRIMARY KEY (Code),    CONSTRAINT FK_PRODUCTS FOREIGN KEY (Manufacturer) REFERENCES manu(Code)     );
ERROR 1005 (HY000): Can't create table `khushboo`.`kproducts` (errno: 121 "Duplicate key on write or update")
MariaDB [KHUSHBOO]> CREATE TABLE Products (    Code INTEGER(3) AUTO_INCREMENT,    Name VARCHAR(255) NOT NULL ,    Price DECIMAL NOT NULL ,    Manufacturer INTEGER(3),    CONSTRAINT PK_PRODUCTS PRIMARY KEY (Code),    CONSTRAINT FK_PRODUCTS FOREIGN KEY (Manufacturer) REFERENCES manu(Code)     );
ERROR 1050 (42S01): Table 'products' already exists
MariaDB [KHUSHBOO]> select * from products;
+------+-----------------+-------+--------------+
| Code | Name            | Price | Manufacturer |
+------+-----------------+-------+--------------+
|    1 | Hard drive      |   240 |            5 |
|    2 | Memory          |   120 |            6 |
|    3 | ZIP drive       |   150 |            4 |
|    4 | Floppy disk     |     5 |            6 |
|    5 | Monitor         |   240 |            1 |
|    6 | DVD drive       |   180 |            2 |
|    7 | CD drive        |    90 |            2 |
|    8 | Printer         |   270 |            3 |
|    9 | Toner cartridge |    66 |            3 |
|   10 | DVD burner      |   180 |            2 |
|   11 | Printer         |    40 |            7 |
|   12 | Toner cartridge |    54 |            7 |
|   13 | DVD burner      |    78 |            7 |
|   14 | Hard drive      |   240 |            5 |
|   15 | Memory          |   120 |            6 |
|   16 | ZIP drive       |   150 |            4 |
|   17 | Floppy disk     |     5 |            6 |
|   18 | Monitor         |   240 |            1 |
|   19 | DVD drive       |   180 |            2 |
|   20 | CD drive        |    90 |            2 |
|   21 | Printer         |   270 |            3 |
|   22 | Toner cartridge |    66 |            3 |
|   23 | DVD burner      |   180 |            2 |
|   24 | Printer         |    40 |            7 |
|   25 | Toner cartridge |    54 |            7 |
|   26 | DVD burner      |    78 |            7 |
|   27 | Hard drive      |   240 |            5 |
|   28 | Memory          |   120 |            6 |
|   29 | ZIP drive       |   150 |            4 |
|   30 | Floppy disk     |     5 |            6 |
|   31 | Monitor         |   240 |            1 |
|   32 | DVD drive       |   180 |            2 |
|   33 | CD drive        |    90 |            2 |
|   34 | Printer         |   270 |            3 |
|   35 | Toner cartridge |    66 |            3 |
|   36 | DVD burner      |   180 |            2 |
|   37 | Printer         |    40 |            7 |
|   38 | Toner cartridge |    54 |            7 |
|   39 | DVD burner      |    78 |            7 |
+------+-----------------+-------+--------------+
39 rows in set (0.00 sec)

MariaDB [KHUSHBOO]> select * from manu;
+------+-------------------+
| Code | Name              |
+------+-------------------+
|    1 | Sony              |
|    2 | Creative Labs     |
|    3 | Hewlett-Packard   |
|    4 | Iomega            |
|    5 | Fujitsu           |
|    6 | Winchester        |
|    7 | moxDroid Labs Inc |
|    8 | Dell              |
|    9 | Bell Labs         |
|   10 | Sony              |
|   11 | Creative Labs     |
|   12 | Hewlett-Packard   |
|   13 | Iomega            |
|   14 | Fujitsu           |
|   15 | Winchester        |
|   16 | moxDroid Labs Inc |
|   17 | Dell              |
|   18 | Bell Labs         |
+------+-------------------+
18 rows in set (0.00 sec)

MariaDB [KHUSHBOO]> SELECT COUNT(*),manufacturer FROM products as p INNER JOIN manu m ON m.code=p.manufacturer GROUP BY manufacturer;
+----------+--------------+
| COUNT(*) | manufacturer |
+----------+--------------+
|        3 |            1 |
|        9 |            2 |
|        6 |            3 |
|        3 |            4 |
|        3 |            5 |
|        6 |            6 |
|        9 |            7 |
+----------+--------------+
7 rows in set (0.00 sec)

MariaDB [KHUSHBOO]> SELECT COUNT(*),manufacturer,m.name FROM products as p INNER JOIN manu m ON m.code=p.manufacturer GROUP BY manufacturer;
+----------+--------------+-------------------+
| COUNT(*) | manufacturer | name              |
+----------+--------------+-------------------+
|        3 |            1 | Sony              |
|        9 |            2 | Creative Labs     |
|        6 |            3 | Hewlett-Packard   |
|        3 |            4 | Iomega            |
|        3 |            5 | Fujitsu           |
|        6 |            6 | Winchester        |
|        9 |            7 | moxDroid Labs Inc |
+----------+--------------+-------------------+
7 rows in set (0.00 sec)

MariaDB [KHUSHBOO]> SELECT PRODUCTS.CODE, PRODUCTS.NAME, MANU.NAME FROM MANU INNER JOIN PRODUCTS ON PRODUCTS.CODE = MANU.CODE;
+------+-----------------+-------------------+
| CODE | NAME            | NAME              |
+------+-----------------+-------------------+
|    1 | Hard drive      | Sony              |
|    2 | Memory          | Creative Labs     |
|    3 | ZIP drive       | Hewlett-Packard   |
|    4 | Floppy disk     | Iomega            |
|    5 | Monitor         | Fujitsu           |
|    6 | DVD drive       | Winchester        |
|    7 | CD drive        | moxDroid Labs Inc |
|    8 | Printer         | Dell              |
|    9 | Toner cartridge | Bell Labs         |
|   10 | DVD burner      | Sony              |
|   11 | Printer         | Creative Labs     |
|   12 | Toner cartridge | Hewlett-Packard   |
|   13 | DVD burner      | Iomega            |
|   14 | Hard drive      | Fujitsu           |
|   15 | Memory          | Winchester        |
|   16 | ZIP drive       | moxDroid Labs Inc |
|   17 | Floppy disk     | Dell              |
|   18 | Monitor         | Bell Labs         |
+------+-----------------+-------------------+
18 rows in set (0.00 sec)

MariaDB [KHUSHBOO]> SELECT COUNT(*),p.manufacturer,m.name FROM products as p inner join manu m ON m.code=p.manufacturer GROUP BY manufacturer having manufacturer < 4;
+----------+--------------+-----------------+
| COUNT(*) | manufacturer | name            |
+----------+--------------+-----------------+
|        3 |            1 | Sony            |
|        9 |            2 | Creative Labs   |
|        6 |            3 | Hewlett-Packard |
+----------+--------------+-----------------+
3 rows in set (0.02 sec)

MariaDB [KHUSHBOO]> SELECT COUNT(*),p.manufacturer,m.name FROM products as p inner join manu m ON m.code=p.manufacturer GROUP BY manufacturer having manufacturer < 8;
+----------+--------------+-------------------+
| COUNT(*) | manufacturer | name              |
+----------+--------------+-------------------+
|        3 |            1 | Sony              |
|        9 |            2 | Creative Labs     |
|        6 |            3 | Hewlett-Packard   |
|        3 |            4 | Iomega            |
|        3 |            5 | Fujitsu           |
|        6 |            6 | Winchester        |
|        9 |            7 | moxDroid Labs Inc |
+----------+--------------+-------------------+
7 rows in set (0.00 sec)

MariaDB [KHUSHBOO]> SELECT COUNT(*),p.manufacturer,m.name FROM products as p inner join manu m ON m.code=p.manufacturer GROUP BY manufacturer having manufacturer < 16;
+----------+--------------+-------------------+
| COUNT(*) | manufacturer | name              |
+----------+--------------+-------------------+
|        3 |            1 | Sony              |
|        9 |            2 | Creative Labs     |
|        6 |            3 | Hewlett-Packard   |
|        3 |            4 | Iomega            |
|        3 |            5 | Fujitsu           |
|        6 |            6 | Winchester        |
|        9 |            7 | moxDroid Labs Inc |
+----------+--------------+-------------------+
7 rows in set (0.00 sec)

MariaDB [KHUSHBOO]> SELECT COUNT(*),p.manufacturer,m.name FROM products as p inner join manu m ON m.code=p.manufacturer GROUP BY manufacturer having manufacturer <> 4;
+----------+--------------+-------------------+
| COUNT(*) | manufacturer | name              |
+----------+--------------+-------------------+
|        3 |            1 | Sony              |
|        9 |            2 | Creative Labs     |
|        6 |            3 | Hewlett-Packard   |
|        3 |            5 | Fujitsu           |
|        6 |            6 | Winchester        |
|        9 |            7 | moxDroid Labs Inc |
+----------+--------------+-------------------+
6 rows in set (0.00 sec)

MariaDB [KHUSHBOO]> SELECT COUNT(*),p.manufacturer,m.name FROM products as p inner join manu m ON m.code=p.manufacturer GROUP BY manufacturer having count(manufacturer) > 2;
+----------+--------------+-------------------+
| COUNT(*) | manufacturer | name              |
+----------+--------------+-------------------+
|        3 |            1 | Sony              |
|        9 |            2 | Creative Labs     |
|        6 |            3 | Hewlett-Packard   |
|        3 |            4 | Iomega            |
|        3 |            5 | Fujitsu           |
|        6 |            6 | Winchester        |
|        9 |            7 | moxDroid Labs Inc |
+----------+--------------+-------------------+
7 rows in set (0.00 sec)

MariaDB [KHUSHBOO]> SELECT COUNT(*),p.manufacturer,m.name FROM products as p inner join manu m ON m.code=p.manufacturer GROUP BY manufacturer having count(manufacturer) > 8;
+----------+--------------+-------------------+
| COUNT(*) | manufacturer | name              |
+----------+--------------+-------------------+
|        9 |            2 | Creative Labs     |
|        9 |            7 | moxDroid Labs Inc |
+----------+--------------+-------------------+
2 rows in set (0.00 sec)

MariaDB [KHUSHBOO]> SELECT COUNT(*),p.manufacturer,m.name FROM products as p inner join manu m ON m.code=p.manufacturer GROUP BY manufacturer having manufacturer > 16;
Empty set (0.00 sec)

MariaDB [KHUSHBOO]> SELECT COUNT(*),p.manufacturer,m.name FROM products as p inner join manu m ON m.code=p.manufacturer GROUP BY manufacturer having count(*) = 2;
Empty set (0.00 sec)

MariaDB [KHUSHBOO]> SELECT COUNT(*),p.manufacturer,m.name FROM products as p inner join manu m ON m.code=p.manufacturer GROUP BY manufacturer having count(*) = 3;
+----------+--------------+---------+
| COUNT(*) | manufacturer | name    |
+----------+--------------+---------+
|        3 |            1 | Sony    |
|        3 |            4 | Iomega  |
|        3 |            5 | Fujitsu |
+----------+--------------+---------+
3 rows in set (0.00 sec)

MariaDB [KHUSHBOO]> SELECT COUNT(*),p.manufacturer,m.name FROM products as p inner join manu m ON m.code=p.manufacturer GROUP BY manufacturer having manufacturer in (2,3);
+----------+--------------+-----------------+
| COUNT(*) | manufacturer | name            |
+----------+--------------+-----------------+
|        9 |            2 | Creative Labs   |
|        6 |            3 | Hewlett-Packard |
+----------+--------------+-----------------+
2 rows in set (0.02 sec)

MariaDB [KHUSHBOO]> SELECT COUNT(*),p.manufacturer,m.name FROM products as p inner join manu m ON m.code=p.manufacturer GROUP BY manufacturer having manufacturer in (4,5);
+----------+--------------+---------+
| COUNT(*) | manufacturer | name    |
+----------+--------------+---------+
|        3 |            4 | Iomega  |
|        3 |            5 | Fujitsu |
+----------+--------------+---------+
2 rows in set (0.00 sec)

MariaDB [KHUSHBOO]> SELECT PRODUCTS.CODE, PRODUCTS.NAME, MANU.NAME FROM MANU LEFT JOIN PRODUCTS ON PRODUCTS.CODE = MANU.CODE;
+------+-----------------+-------------------+
| CODE | NAME            | NAME              |
+------+-----------------+-------------------+
|    1 | Hard drive      | Sony              |
|    2 | Memory          | Creative Labs     |
|    3 | ZIP drive       | Hewlett-Packard   |
|    4 | Floppy disk     | Iomega            |
|    5 | Monitor         | Fujitsu           |
|    6 | DVD drive       | Winchester        |
|    7 | CD drive        | moxDroid Labs Inc |
|    8 | Printer         | Dell              |
|    9 | Toner cartridge | Bell Labs         |
|   10 | DVD burner      | Sony              |
|   11 | Printer         | Creative Labs     |
|   12 | Toner cartridge | Hewlett-Packard   |
|   13 | DVD burner      | Iomega            |
|   14 | Hard drive      | Fujitsu           |
|   15 | Memory          | Winchester        |
|   16 | ZIP drive       | moxDroid Labs Inc |
|   17 | Floppy disk     | Dell              |
|   18 | Monitor         | Bell Labs         |
+------+-----------------+-------------------+
18 rows in set (0.01 sec)

MariaDB [KHUSHBOO]> SELECT PRODUCTS.CODE, PRODUCTS.NAME, MANU.NAME FROM PRODUCTS LEFT JOIN MANU ON PRODUCTS.CODE = MANU.CODE;
+------+-----------------+-------------------+
| CODE | NAME            | NAME              |
+------+-----------------+-------------------+
|    1 | Hard drive      | Sony              |
|    2 | Memory          | Creative Labs     |
|    3 | ZIP drive       | Hewlett-Packard   |
|    4 | Floppy disk     | Iomega            |
|    5 | Monitor         | Fujitsu           |
|    6 | DVD drive       | Winchester        |
|    7 | CD drive        | moxDroid Labs Inc |
|    8 | Printer         | Dell              |
|    9 | Toner cartridge | Bell Labs         |
|   10 | DVD burner      | Sony              |
|   11 | Printer         | Creative Labs     |
|   12 | Toner cartridge | Hewlett-Packard   |
|   13 | DVD burner      | Iomega            |
|   14 | Hard drive      | Fujitsu           |
|   15 | Memory          | Winchester        |
|   16 | ZIP drive       | moxDroid Labs Inc |
|   17 | Floppy disk     | Dell              |
|   18 | Monitor         | Bell Labs         |
|   19 | DVD drive       | NULL              |
|   20 | CD drive        | NULL              |
|   21 | Printer         | NULL              |
|   22 | Toner cartridge | NULL              |
|   23 | DVD burner      | NULL              |
|   24 | Printer         | NULL              |
|   25 | Toner cartridge | NULL              |
|   26 | DVD burner      | NULL              |
|   27 | Hard drive      | NULL              |
|   28 | Memory          | NULL              |
|   29 | ZIP drive       | NULL              |
|   30 | Floppy disk     | NULL              |
|   31 | Monitor         | NULL              |
|   32 | DVD drive       | NULL              |
|   33 | CD drive        | NULL              |
|   34 | Printer         | NULL              |
|   35 | Toner cartridge | NULL              |
|   36 | DVD burner      | NULL              |
|   37 | Printer         | NULL              |
|   38 | Toner cartridge | NULL              |
|   39 | DVD burner      | NULL              |
+------+-----------------+-------------------+
39 rows in set (0.00 sec)

MariaDB [KHUSHBOO]> SELECT PRODUCTS.CODE, PRODUCTS.NAME, MANU.NAME FROM PRODUCTS LEFT JOIN MANU ON PRODUCTS.manufacturer = MANU.CODE;
+------+-----------------+-------------------+
| CODE | NAME            | NAME              |
+------+-----------------+-------------------+
|    1 | Hard drive      | Fujitsu           |
|    2 | Memory          | Winchester        |
|    3 | ZIP drive       | Iomega            |
|    4 | Floppy disk     | Winchester        |
|    5 | Monitor         | Sony              |
|    6 | DVD drive       | Creative Labs     |
|    7 | CD drive        | Creative Labs     |
|    8 | Printer         | Hewlett-Packard   |
|    9 | Toner cartridge | Hewlett-Packard   |
|   10 | DVD burner      | Creative Labs     |
|   11 | Printer         | moxDroid Labs Inc |
|   12 | Toner cartridge | moxDroid Labs Inc |
|   13 | DVD burner      | moxDroid Labs Inc |
|   14 | Hard drive      | Fujitsu           |
|   15 | Memory          | Winchester        |
|   16 | ZIP drive       | Iomega            |
|   17 | Floppy disk     | Winchester        |
|   18 | Monitor         | Sony              |
|   19 | DVD drive       | Creative Labs     |
|   20 | CD drive        | Creative Labs     |
|   21 | Printer         | Hewlett-Packard   |
|   22 | Toner cartridge | Hewlett-Packard   |
|   23 | DVD burner      | Creative Labs     |
|   24 | Printer         | moxDroid Labs Inc |
|   25 | Toner cartridge | moxDroid Labs Inc |
|   26 | DVD burner      | moxDroid Labs Inc |
|   27 | Hard drive      | Fujitsu           |
|   28 | Memory          | Winchester        |
|   29 | ZIP drive       | Iomega            |
|   30 | Floppy disk     | Winchester        |
|   31 | Monitor         | Sony              |
|   32 | DVD drive       | Creative Labs     |
|   33 | CD drive        | Creative Labs     |
|   34 | Printer         | Hewlett-Packard   |
|   35 | Toner cartridge | Hewlett-Packard   |
|   36 | DVD burner      | Creative Labs     |
|   37 | Printer         | moxDroid Labs Inc |
|   38 | Toner cartridge | moxDroid Labs Inc |
|   39 | DVD burner      | moxDroid Labs Inc |
+------+-----------------+-------------------+
39 rows in set (0.00 sec)

MariaDB [KHUSHBOO]> SELECT PRODUCTS.CODE, PRODUCTS.NAME, MANU.NAME FROM MANU LEFT JOIN PRODUCTS ON MANU.CODE = PRODUCT.MANUFATURER;
ERROR 1054 (42S22): Unknown column 'PRODUCT.MANUFATURER' in 'on clause'
MariaDB [KHUSHBOO]> SELECT PRODUCTS.CODE, PRODUCTS.NAME, MANU.NAME FROM MANU LEFT JOIN PRODUCTS ON MANU.CODE = PRODUCT.MANUFACTURER;
ERROR 1054 (42S22): Unknown column 'PRODUCT.MANUFACTURER' in 'on clause'
MariaDB [KHUSHBOO]> SELECT PRODUCTS.CODE, PRODUCTS.NAME, MANU.NAME FROM MANU LEFT JOIN PRODUCTS ON MANU.CODE = PRODUCTS.MANUFACTURER;
+------+-----------------+-------------------+
| CODE | NAME            | NAME              |
+------+-----------------+-------------------+
|    5 | Monitor         | Sony              |
|   18 | Monitor         | Sony              |
|   31 | Monitor         | Sony              |
|    6 | DVD drive       | Creative Labs     |
|    7 | CD drive        | Creative Labs     |
|   10 | DVD burner      | Creative Labs     |
|   19 | DVD drive       | Creative Labs     |
|   20 | CD drive        | Creative Labs     |
|   23 | DVD burner      | Creative Labs     |
|   32 | DVD drive       | Creative Labs     |
|   33 | CD drive        | Creative Labs     |
|   36 | DVD burner      | Creative Labs     |
|    8 | Printer         | Hewlett-Packard   |
|    9 | Toner cartridge | Hewlett-Packard   |
|   21 | Printer         | Hewlett-Packard   |
|   22 | Toner cartridge | Hewlett-Packard   |
|   34 | Printer         | Hewlett-Packard   |
|   35 | Toner cartridge | Hewlett-Packard   |
|    3 | ZIP drive       | Iomega            |
|   16 | ZIP drive       | Iomega            |
|   29 | ZIP drive       | Iomega            |
|    1 | Hard drive      | Fujitsu           |
|   14 | Hard drive      | Fujitsu           |
|   27 | Hard drive      | Fujitsu           |
|    2 | Memory          | Winchester        |
|    4 | Floppy disk     | Winchester        |
|   15 | Memory          | Winchester        |
|   17 | Floppy disk     | Winchester        |
|   28 | Memory          | Winchester        |
|   30 | Floppy disk     | Winchester        |
|   11 | Printer         | moxDroid Labs Inc |
|   12 | Toner cartridge | moxDroid Labs Inc |
|   13 | DVD burner      | moxDroid Labs Inc |
|   24 | Printer         | moxDroid Labs Inc |
|   25 | Toner cartridge | moxDroid Labs Inc |
|   26 | DVD burner      | moxDroid Labs Inc |
|   37 | Printer         | moxDroid Labs Inc |
|   38 | Toner cartridge | moxDroid Labs Inc |
|   39 | DVD burner      | moxDroid Labs Inc |
| NULL | NULL            | Dell              |
| NULL | NULL            | Bell Labs         |
| NULL | NULL            | Sony              |
| NULL | NULL            | Creative Labs     |
| NULL | NULL            | Hewlett-Packard   |
| NULL | NULL            | Iomega            |
| NULL | NULL            | Fujitsu           |
| NULL | NULL            | Winchester        |
| NULL | NULL            | moxDroid Labs Inc |
| NULL | NULL            | Dell              |
| NULL | NULL            | Bell Labs         |
+------+-----------------+-------------------+
50 rows in set (0.00 sec)

MariaDB [KHUSHBOO]> SELECT PRODUCTS.CODE, PRODUCTS.NAME, MANU.NAME FROM PRODUCTS LEFT JOIN MANU ON PRODUCTS.CODE = MANU.CODE UNION SELECT PRODUCTS.CODE, PRODUCTS.NAME, MANU.NAME FROM PRODUCTS RIGHT JOIN MANU ON PRODUCTS.CODE = MANU.CODE;
+------+-----------------+-------------------+
| CODE | NAME            | NAME              |
+------+-----------------+-------------------+
|    1 | Hard drive      | Sony              |
|    2 | Memory          | Creative Labs     |
|    3 | ZIP drive       | Hewlett-Packard   |
|    4 | Floppy disk     | Iomega            |
|    5 | Monitor         | Fujitsu           |
|    6 | DVD drive       | Winchester        |
|    7 | CD drive        | moxDroid Labs Inc |
|    8 | Printer         | Dell              |
|    9 | Toner cartridge | Bell Labs         |
|   10 | DVD burner      | Sony              |
|   11 | Printer         | Creative Labs     |
|   12 | Toner cartridge | Hewlett-Packard   |
|   13 | DVD burner      | Iomega            |
|   14 | Hard drive      | Fujitsu           |
|   15 | Memory          | Winchester        |
|   16 | ZIP drive       | moxDroid Labs Inc |
|   17 | Floppy disk     | Dell              |
|   18 | Monitor         | Bell Labs         |
|   19 | DVD drive       | NULL              |
|   20 | CD drive        | NULL              |
|   21 | Printer         | NULL              |
|   22 | Toner cartridge | NULL              |
|   23 | DVD burner      | NULL              |
|   24 | Printer         | NULL              |
|   25 | Toner cartridge | NULL              |
|   26 | DVD burner      | NULL              |
|   27 | Hard drive      | NULL              |
|   28 | Memory          | NULL              |
|   29 | ZIP drive       | NULL              |
|   30 | Floppy disk     | NULL              |
|   31 | Monitor         | NULL              |
|   32 | DVD drive       | NULL              |
|   33 | CD drive        | NULL              |
|   34 | Printer         | NULL              |
|   35 | Toner cartridge | NULL              |
|   36 | DVD burner      | NULL              |
|   37 | Printer         | NULL              |
|   38 | Toner cartridge | NULL              |
|   39 | DVD burner      | NULL              |
+------+-----------------+-------------------+
39 rows in set (0.00 sec)

MariaDB [KHUSHBOO]> SELECT P1.CODE, P1.NAME, P2.NAME FROM Products P1, Products P2 WHERE P1.CODE <> P2.CODE;
+------+-----------------+-----------------+
| CODE | NAME            | NAME            |
+------+-----------------+-----------------+
|    2 | Memory          | Hard drive      |
|    3 | ZIP drive       | Hard drive      |
|    4 | Floppy disk     | Hard drive      |
|    5 | Monitor         | Hard drive      |
|    6 | DVD drive       | Hard drive      |
|    7 | CD drive        | Hard drive      |
|    8 | Printer         | Hard drive      |
|    9 | Toner cartridge | Hard drive      |
|   10 | DVD burner      | Hard drive      |
|   11 | Printer         | Hard drive      |
|   12 | Toner cartridge | Hard drive      |
|   13 | DVD burner      | Hard drive      |
|   14 | Hard drive      | Hard drive      |
|   15 | Memory          | Hard drive      |
|   16 | ZIP drive       | Hard drive      |
|   17 | Floppy disk     | Hard drive      |
|   18 | Monitor         | Hard drive      |
|   19 | DVD drive       | Hard drive      |
|   20 | CD drive        | Hard drive      |
|   21 | Printer         | Hard drive      |
|   22 | Toner cartridge | Hard drive      |
|   23 | DVD burner      | Hard drive      |
|   24 | Printer         | Hard drive      |
|   25 | Toner cartridge | Hard drive      |
|   26 | DVD burner      | Hard drive      |
|   27 | Hard drive      | Hard drive      |
|   28 | Memory          | Hard drive      |
|   29 | ZIP drive       | Hard drive      |
|   30 | Floppy disk     | Hard drive      |
|   31 | Monitor         | Hard drive      |
|   32 | DVD drive       | Hard drive      |
|   33 | CD drive        | Hard drive      |
|   34 | Printer         | Hard drive      |
|   35 | Toner cartridge | Hard drive      |
|   36 | DVD burner      | Hard drive      |
|   37 | Printer         | Hard drive      |
|   38 | Toner cartridge | Hard drive      |
|   39 | DVD burner      | Hard drive      |
|    1 | Hard drive      | Memory          |
|    3 | ZIP drive       | Memory          |
|    4 | Floppy disk     | Memory          |
|    5 | Monitor         | Memory          |
|    6 | DVD drive       | Memory          |
|    7 | CD drive        | Memory          |
|    8 | Printer         | Memory          |
|    9 | Toner cartridge | Memory          |
|   10 | DVD burner      | Memory          |
|   11 | Printer         | Memory          |
|   12 | Toner cartridge | Memory          |
|   13 | DVD burner      | Memory          |
|   14 | Hard drive      | Memory          |
|   15 | Memory          | Memory          |
|   16 | ZIP drive       | Memory          |
|   17 | Floppy disk     | Memory          |
|   18 | Monitor         | Memory          |
|   19 | DVD drive       | Memory          |
|   20 | CD drive        | Memory          |
|   21 | Printer         | Memory          |
|   22 | Toner cartridge | Memory          |
|   23 | DVD burner      | Memory          |
|   24 | Printer         | Memory          |
|   25 | Toner cartridge | Memory          |
|   26 | DVD burner      | Memory          |
|   27 | Hard drive      | Memory          |
|   28 | Memory          | Memory          |
|   29 | ZIP drive       | Memory          |
|   30 | Floppy disk     | Memory          |
|   31 | Monitor         | Memory          |
|   32 | DVD drive       | Memory          |
|   33 | CD drive        | Memory          |
|   34 | Printer         | Memory          |
|   35 | Toner cartridge | Memory          |
|   36 | DVD burner      | Memory          |
|   37 | Printer         | Memory          |
|   38 | Toner cartridge | Memory          |
|   39 | DVD burner      | Memory          |
|    1 | Hard drive      | ZIP drive       |
|    2 | Memory          | ZIP drive       |
|    4 | Floppy disk     | ZIP drive       |
|    5 | Monitor         | ZIP drive       |
|    6 | DVD drive       | ZIP drive       |
|    7 | CD drive        | ZIP drive       |
|    8 | Printer         | ZIP drive       |
|    9 | Toner cartridge | ZIP drive       |
|   10 | DVD burner      | ZIP drive       |
|   11 | Printer         | ZIP drive       |
|   12 | Toner cartridge | ZIP drive       |
|   13 | DVD burner      | ZIP drive       |
|   14 | Hard drive      | ZIP drive       |
|   15 | Memory          | ZIP drive       |
|   16 | ZIP drive       | ZIP drive       |
|   17 | Floppy disk     | ZIP drive       |
|   18 | Monitor         | ZIP drive       |
|   19 | DVD drive       | ZIP drive       |
|   20 | CD drive        | ZIP drive       |
|   21 | Printer         | ZIP drive       |
|   22 | Toner cartridge | ZIP drive       |
|   23 | DVD burner      | ZIP drive       |
|   24 | Printer         | ZIP drive       |
|   25 | Toner cartridge | ZIP drive       |
|   26 | DVD burner      | ZIP drive       |
|   27 | Hard drive      | ZIP drive       |
|   28 | Memory          | ZIP drive       |
|   29 | ZIP drive       | ZIP drive       |
|   30 | Floppy disk     | ZIP drive       |
|   31 | Monitor         | ZIP drive       |
|   32 | DVD drive       | ZIP drive       |
|   33 | CD drive        | ZIP drive       |
|   34 | Printer         | ZIP drive       |
|   35 | Toner cartridge | ZIP drive       |
|   36 | DVD burner      | ZIP drive       |
|   37 | Printer         | ZIP drive       |
|   38 | Toner cartridge | ZIP drive       |
|   39 | DVD burner      | ZIP drive       |
|    1 | Hard drive      | Floppy disk     |
|    2 | Memory          | Floppy disk     |
|    3 | ZIP drive       | Floppy disk     |
|    5 | Monitor         | Floppy disk     |
|    6 | DVD drive       | Floppy disk     |
|    7 | CD drive        | Floppy disk     |
|    8 | Printer         | Floppy disk     |
|    9 | Toner cartridge | Floppy disk     |
|   10 | DVD burner      | Floppy disk     |
|   11 | Printer         | Floppy disk     |
|   12 | Toner cartridge | Floppy disk     |
|   13 | DVD burner      | Floppy disk     |
|   14 | Hard drive      | Floppy disk     |
|   15 | Memory          | Floppy disk     |
|   16 | ZIP drive       | Floppy disk     |
|   17 | Floppy disk     | Floppy disk     |
|   18 | Monitor         | Floppy disk     |
|   19 | DVD drive       | Floppy disk     |
|   20 | CD drive        | Floppy disk     |
|   21 | Printer         | Floppy disk     |
|   22 | Toner cartridge | Floppy disk     |
|   23 | DVD burner      | Floppy disk     |
|   24 | Printer         | Floppy disk     |
|   25 | Toner cartridge | Floppy disk     |
|   26 | DVD burner      | Floppy disk     |
|   27 | Hard drive      | Floppy disk     |
|   28 | Memory          | Floppy disk     |
|   29 | ZIP drive       | Floppy disk     |
|   30 | Floppy disk     | Floppy disk     |
|   31 | Monitor         | Floppy disk     |
|   32 | DVD drive       | Floppy disk     |
|   33 | CD drive        | Floppy disk     |
|   34 | Printer         | Floppy disk     |
|   35 | Toner cartridge | Floppy disk     |
|   36 | DVD burner      | Floppy disk     |
|   37 | Printer         | Floppy disk     |
|   38 | Toner cartridge | Floppy disk     |
|   39 | DVD burner      | Floppy disk     |
|    1 | Hard drive      | Monitor         |
|    2 | Memory          | Monitor         |
|    3 | ZIP drive       | Monitor         |
|    4 | Floppy disk     | Monitor         |
|    6 | DVD drive       | Monitor         |
|    7 | CD drive        | Monitor         |
|    8 | Printer         | Monitor         |
|    9 | Toner cartridge | Monitor         |
|   10 | DVD burner      | Monitor         |
|   11 | Printer         | Monitor         |
|   12 | Toner cartridge | Monitor         |
|   13 | DVD burner      | Monitor         |
|   14 | Hard drive      | Monitor         |
|   15 | Memory          | Monitor         |
|   16 | ZIP drive       | Monitor         |
|   17 | Floppy disk     | Monitor         |
|   18 | Monitor         | Monitor         |
|   19 | DVD drive       | Monitor         |
|   20 | CD drive        | Monitor         |
|   21 | Printer         | Monitor         |
|   22 | Toner cartridge | Monitor         |
|   23 | DVD burner      | Monitor         |
|   24 | Printer         | Monitor         |
|   25 | Toner cartridge | Monitor         |
|   26 | DVD burner      | Monitor         |
|   27 | Hard drive      | Monitor         |
|   28 | Memory          | Monitor         |
|   29 | ZIP drive       | Monitor         |
|   30 | Floppy disk     | Monitor         |
|   31 | Monitor         | Monitor         |
|   32 | DVD drive       | Monitor         |
|   33 | CD drive        | Monitor         |
|   34 | Printer         | Monitor         |
|   35 | Toner cartridge | Monitor         |
|   36 | DVD burner      | Monitor         |
|   37 | Printer         | Monitor         |
|   38 | Toner cartridge | Monitor         |
|   39 | DVD burner      | Monitor         |
|    1 | Hard drive      | DVD drive       |
|    2 | Memory          | DVD drive       |
|    3 | ZIP drive       | DVD drive       |
|    4 | Floppy disk     | DVD drive       |
|    5 | Monitor         | DVD drive       |
|    7 | CD drive        | DVD drive       |
|    8 | Printer         | DVD drive       |
|    9 | Toner cartridge | DVD drive       |
|   10 | DVD burner      | DVD drive       |
|   11 | Printer         | DVD drive       |
|   12 | Toner cartridge | DVD drive       |
|   13 | DVD burner      | DVD drive       |
|   14 | Hard drive      | DVD drive       |
|   15 | Memory          | DVD drive       |
|   16 | ZIP drive       | DVD drive       |
|   17 | Floppy disk     | DVD drive       |
|   18 | Monitor         | DVD drive       |
|   19 | DVD drive       | DVD drive       |
|   20 | CD drive        | DVD drive       |
|   21 | Printer         | DVD drive       |
|   22 | Toner cartridge | DVD drive       |
|   23 | DVD burner      | DVD drive       |
|   24 | Printer         | DVD drive       |
|   25 | Toner cartridge | DVD drive       |
|   26 | DVD burner      | DVD drive       |
|   27 | Hard drive      | DVD drive       |
|   28 | Memory          | DVD drive       |
|   29 | ZIP drive       | DVD drive       |
|   30 | Floppy disk     | DVD drive       |
|   31 | Monitor         | DVD drive       |
|   32 | DVD drive       | DVD drive       |
|   33 | CD drive        | DVD drive       |
|   34 | Printer         | DVD drive       |
|   35 | Toner cartridge | DVD drive       |
|   36 | DVD burner      | DVD drive       |
|   37 | Printer         | DVD drive       |
|   38 | Toner cartridge | DVD drive       |
|   39 | DVD burner      | DVD drive       |
|    1 | Hard drive      | CD drive        |
|    2 | Memory          | CD drive        |
|    3 | ZIP drive       | CD drive        |
|    4 | Floppy disk     | CD drive        |
|    5 | Monitor         | CD drive        |
|    6 | DVD drive       | CD drive        |
|    8 | Printer         | CD drive        |
|    9 | Toner cartridge | CD drive        |
|   10 | DVD burner      | CD drive        |
|   11 | Printer         | CD drive        |
|   12 | Toner cartridge | CD drive        |
|   13 | DVD burner      | CD drive        |
|   14 | Hard drive      | CD drive        |
|   15 | Memory          | CD drive        |
|   16 | ZIP drive       | CD drive        |
|   17 | Floppy disk     | CD drive        |
|   18 | Monitor         | CD drive        |
|   19 | DVD drive       | CD drive        |
|   20 | CD drive        | CD drive        |
|   21 | Printer         | CD drive        |
|   22 | Toner cartridge | CD drive        |
|   23 | DVD burner      | CD drive        |
|   24 | Printer         | CD drive        |
|   25 | Toner cartridge | CD drive        |
|   26 | DVD burner      | CD drive        |
|   27 | Hard drive      | CD drive        |
|   28 | Memory          | CD drive        |
|   29 | ZIP drive       | CD drive        |
|   30 | Floppy disk     | CD drive        |
|   31 | Monitor         | CD drive        |
|   32 | DVD drive       | CD drive        |
|   33 | CD drive        | CD drive        |
|   34 | Printer         | CD drive        |
|   35 | Toner cartridge | CD drive        |
|   36 | DVD burner      | CD drive        |
|   37 | Printer         | CD drive        |
|   38 | Toner cartridge | CD drive        |
|   39 | DVD burner      | CD drive        |
|    1 | Hard drive      | Printer         |
|    2 | Memory          | Printer         |
|    3 | ZIP drive       | Printer         |
|    4 | Floppy disk     | Printer         |
|    5 | Monitor         | Printer         |
|    6 | DVD drive       | Printer         |
|    7 | CD drive        | Printer         |
|    9 | Toner cartridge | Printer         |
|   10 | DVD burner      | Printer         |
|   11 | Printer         | Printer         |
|   12 | Toner cartridge | Printer         |
|   13 | DVD burner      | Printer         |
|   14 | Hard drive      | Printer         |
|   15 | Memory          | Printer         |
|   16 | ZIP drive       | Printer         |
|   17 | Floppy disk     | Printer         |
|   18 | Monitor         | Printer         |
|   19 | DVD drive       | Printer         |
|   20 | CD drive        | Printer         |
|   21 | Printer         | Printer         |
|   22 | Toner cartridge | Printer         |
|   23 | DVD burner      | Printer         |
|   24 | Printer         | Printer         |
|   25 | Toner cartridge | Printer         |
|   26 | DVD burner      | Printer         |
|   27 | Hard drive      | Printer         |
|   28 | Memory          | Printer         |
|   29 | ZIP drive       | Printer         |
|   30 | Floppy disk     | Printer         |
|   31 | Monitor         | Printer         |
|   32 | DVD drive       | Printer         |
|   33 | CD drive        | Printer         |
|   34 | Printer         | Printer         |
|   35 | Toner cartridge | Printer         |
|   36 | DVD burner      | Printer         |
|   37 | Printer         | Printer         |
|   38 | Toner cartridge | Printer         |
|   39 | DVD burner      | Printer         |
|    1 | Hard drive      | Toner cartridge |
|    2 | Memory          | Toner cartridge |
|    3 | ZIP drive       | Toner cartridge |
|    4 | Floppy disk     | Toner cartridge |
|    5 | Monitor         | Toner cartridge |
|    6 | DVD drive       | Toner cartridge |
|    7 | CD drive        | Toner cartridge |
|    8 | Printer         | Toner cartridge |
|   10 | DVD burner      | Toner cartridge |
|   11 | Printer         | Toner cartridge |
|   12 | Toner cartridge | Toner cartridge |
|   13 | DVD burner      | Toner cartridge |
|   14 | Hard drive      | Toner cartridge |
|   15 | Memory          | Toner cartridge |
|   16 | ZIP drive       | Toner cartridge |
|   17 | Floppy disk     | Toner cartridge |
|   18 | Monitor         | Toner cartridge |
|   19 | DVD drive       | Toner cartridge |
|   20 | CD drive        | Toner cartridge |
|   21 | Printer         | Toner cartridge |
|   22 | Toner cartridge | Toner cartridge |
|   23 | DVD burner      | Toner cartridge |
|   24 | Printer         | Toner cartridge |
|   25 | Toner cartridge | Toner cartridge |
|   26 | DVD burner      | Toner cartridge |
|   27 | Hard drive      | Toner cartridge |
|   28 | Memory          | Toner cartridge |
|   29 | ZIP drive       | Toner cartridge |
|   30 | Floppy disk     | Toner cartridge |
|   31 | Monitor         | Toner cartridge |
|   32 | DVD drive       | Toner cartridge |
|   33 | CD drive        | Toner cartridge |
|   34 | Printer         | Toner cartridge |
|   35 | Toner cartridge | Toner cartridge |
|   36 | DVD burner      | Toner cartridge |
|   37 | Printer         | Toner cartridge |
|   38 | Toner cartridge | Toner cartridge |
|   39 | DVD burner      | Toner cartridge |
|    1 | Hard drive      | DVD burner      |
|    2 | Memory          | DVD burner      |
|    3 | ZIP drive       | DVD burner      |
|    4 | Floppy disk     | DVD burner      |
|    5 | Monitor         | DVD burner      |
|    6 | DVD drive       | DVD burner      |
|    7 | CD drive        | DVD burner      |
|    8 | Printer         | DVD burner      |
|    9 | Toner cartridge | DVD burner      |
|   11 | Printer         | DVD burner      |
|   12 | Toner cartridge | DVD burner      |
|   13 | DVD burner      | DVD burner      |
|   14 | Hard drive      | DVD burner      |
|   15 | Memory          | DVD burner      |
|   16 | ZIP drive       | DVD burner      |
|   17 | Floppy disk     | DVD burner      |
|   18 | Monitor         | DVD burner      |
|   19 | DVD drive       | DVD burner      |
|   20 | CD drive        | DVD burner      |
|   21 | Printer         | DVD burner      |
|   22 | Toner cartridge | DVD burner      |
|   23 | DVD burner      | DVD burner      |
|   24 | Printer         | DVD burner      |
|   25 | Toner cartridge | DVD burner      |
|   26 | DVD burner      | DVD burner      |
|   27 | Hard drive      | DVD burner      |
|   28 | Memory          | DVD burner      |
|   29 | ZIP drive       | DVD burner      |
|   30 | Floppy disk     | DVD burner      |
|   31 | Monitor         | DVD burner      |
|   32 | DVD drive       | DVD burner      |
|   33 | CD drive        | DVD burner      |
|   34 | Printer         | DVD burner      |
|   35 | Toner cartridge | DVD burner      |
|   36 | DVD burner      | DVD burner      |
|   37 | Printer         | DVD burner      |
|   38 | Toner cartridge | DVD burner      |
|   39 | DVD burner      | DVD burner      |
|    1 | Hard drive      | Printer         |
|    2 | Memory          | Printer         |
|    3 | ZIP drive       | Printer         |
|    4 | Floppy disk     | Printer         |
|    5 | Monitor         | Printer         |
|    6 | DVD drive       | Printer         |
|    7 | CD drive        | Printer         |
|    8 | Printer         | Printer         |
|    9 | Toner cartridge | Printer         |
|   10 | DVD burner      | Printer         |
|   12 | Toner cartridge | Printer         |
|   13 | DVD burner      | Printer         |
|   14 | Hard drive      | Printer         |
|   15 | Memory          | Printer         |
|   16 | ZIP drive       | Printer         |
|   17 | Floppy disk     | Printer         |
|   18 | Monitor         | Printer         |
|   19 | DVD drive       | Printer         |
|   20 | CD drive        | Printer         |
|   21 | Printer         | Printer         |
|   22 | Toner cartridge | Printer         |
|   23 | DVD burner      | Printer         |
|   24 | Printer         | Printer         |
|   25 | Toner cartridge | Printer         |
|   26 | DVD burner      | Printer         |
|   27 | Hard drive      | Printer         |
|   28 | Memory          | Printer         |
|   29 | ZIP drive       | Printer         |
|   30 | Floppy disk     | Printer         |
|   31 | Monitor         | Printer         |
|   32 | DVD drive       | Printer         |
|   33 | CD drive        | Printer         |
|   34 | Printer         | Printer         |
|   35 | Toner cartridge | Printer         |
|   36 | DVD burner      | Printer         |
|   37 | Printer         | Printer         |
|   38 | Toner cartridge | Printer         |
|   39 | DVD burner      | Printer         |
|    1 | Hard drive      | Toner cartridge |
|    2 | Memory          | Toner cartridge |
|    3 | ZIP drive       | Toner cartridge |
|    4 | Floppy disk     | Toner cartridge |
|    5 | Monitor         | Toner cartridge |
|    6 | DVD drive       | Toner cartridge |
|    7 | CD drive        | Toner cartridge |
|    8 | Printer         | Toner cartridge |
|    9 | Toner cartridge | Toner cartridge |
|   10 | DVD burner      | Toner cartridge |
|   11 | Printer         | Toner cartridge |
|   13 | DVD burner      | Toner cartridge |
|   14 | Hard drive      | Toner cartridge |
|   15 | Memory          | Toner cartridge |
|   16 | ZIP drive       | Toner cartridge |
|   17 | Floppy disk     | Toner cartridge |
|   18 | Monitor         | Toner cartridge |
|   19 | DVD drive       | Toner cartridge |
|   20 | CD drive        | Toner cartridge |
|   21 | Printer         | Toner cartridge |
|   22 | Toner cartridge | Toner cartridge |
|   23 | DVD burner      | Toner cartridge |
|   24 | Printer         | Toner cartridge |
|   25 | Toner cartridge | Toner cartridge |
|   26 | DVD burner      | Toner cartridge |
|   27 | Hard drive      | Toner cartridge |
|   28 | Memory          | Toner cartridge |
|   29 | ZIP drive       | Toner cartridge |
|   30 | Floppy disk     | Toner cartridge |
|   31 | Monitor         | Toner cartridge |
|   32 | DVD drive       | Toner cartridge |
|   33 | CD drive        | Toner cartridge |
|   34 | Printer         | Toner cartridge |
|   35 | Toner cartridge | Toner cartridge |
|   36 | DVD burner      | Toner cartridge |
|   37 | Printer         | Toner cartridge |
|   38 | Toner cartridge | Toner cartridge |
|   39 | DVD burner      | Toner cartridge |
|    1 | Hard drive      | DVD burner      |
|    2 | Memory          | DVD burner      |
|    3 | ZIP drive       | DVD burner      |
|    4 | Floppy disk     | DVD burner      |
|    5 | Monitor         | DVD burner      |
|    6 | DVD drive       | DVD burner      |
|    7 | CD drive        | DVD burner      |
|    8 | Printer         | DVD burner      |
|    9 | Toner cartridge | DVD burner      |
|   10 | DVD burner      | DVD burner      |
|   11 | Printer         | DVD burner      |
|   12 | Toner cartridge | DVD burner      |
|   14 | Hard drive      | DVD burner      |
|   15 | Memory          | DVD burner      |
|   16 | ZIP drive       | DVD burner      |
|   17 | Floppy disk     | DVD burner      |
|   18 | Monitor         | DVD burner      |
|   19 | DVD drive       | DVD burner      |
|   20 | CD drive        | DVD burner      |
|   21 | Printer         | DVD burner      |
|   22 | Toner cartridge | DVD burner      |
|   23 | DVD burner      | DVD burner      |
|   24 | Printer         | DVD burner      |
|   25 | Toner cartridge | DVD burner      |
|   26 | DVD burner      | DVD burner      |
|   27 | Hard drive      | DVD burner      |
|   28 | Memory          | DVD burner      |
|   29 | ZIP drive       | DVD burner      |
|   30 | Floppy disk     | DVD burner      |
|   31 | Monitor         | DVD burner      |
|   32 | DVD drive       | DVD burner      |
|   33 | CD drive        | DVD burner      |
|   34 | Printer         | DVD burner      |
|   35 | Toner cartridge | DVD burner      |
|   36 | DVD burner      | DVD burner      |
|   37 | Printer         | DVD burner      |
|   38 | Toner cartridge | DVD burner      |
|   39 | DVD burner      | DVD burner      |
|    1 | Hard drive      | Hard drive      |
|    2 | Memory          | Hard drive      |
|    3 | ZIP drive       | Hard drive      |
|    4 | Floppy disk     | Hard drive      |
|    5 | Monitor         | Hard drive      |
|    6 | DVD drive       | Hard drive      |
|    7 | CD drive        | Hard drive      |
|    8 | Printer         | Hard drive      |
|    9 | Toner cartridge | Hard drive      |
|   10 | DVD burner      | Hard drive      |
|   11 | Printer         | Hard drive      |
|   12 | Toner cartridge | Hard drive      |
|   13 | DVD burner      | Hard drive      |
|   15 | Memory          | Hard drive      |
|   16 | ZIP drive       | Hard drive      |
|   17 | Floppy disk     | Hard drive      |
|   18 | Monitor         | Hard drive      |
|   19 | DVD drive       | Hard drive      |
|   20 | CD drive        | Hard drive      |
|   21 | Printer         | Hard drive      |
|   22 | Toner cartridge | Hard drive      |
|   23 | DVD burner      | Hard drive      |
|   24 | Printer         | Hard drive      |
|   25 | Toner cartridge | Hard drive      |
|   26 | DVD burner      | Hard drive      |
|   27 | Hard drive      | Hard drive      |
|   28 | Memory          | Hard drive      |
|   29 | ZIP drive       | Hard drive      |
|   30 | Floppy disk     | Hard drive      |
|   31 | Monitor         | Hard drive      |
|   32 | DVD drive       | Hard drive      |
|   33 | CD drive        | Hard drive      |
|   34 | Printer         | Hard drive      |
|   35 | Toner cartridge | Hard drive      |
|   36 | DVD burner      | Hard drive      |
|   37 | Printer         | Hard drive      |
|   38 | Toner cartridge | Hard drive      |
|   39 | DVD burner      | Hard drive      |
|    1 | Hard drive      | Memory          |
|    2 | Memory          | Memory          |
|    3 | ZIP drive       | Memory          |
|    4 | Floppy disk     | Memory          |
|    5 | Monitor         | Memory          |
|    6 | DVD drive       | Memory          |
|    7 | CD drive        | Memory          |
|    8 | Printer         | Memory          |
|    9 | Toner cartridge | Memory          |
|   10 | DVD burner      | Memory          |
|   11 | Printer         | Memory          |
|   12 | Toner cartridge | Memory          |
|   13 | DVD burner      | Memory          |
|   14 | Hard drive      | Memory          |
|   16 | ZIP drive       | Memory          |
|   17 | Floppy disk     | Memory          |
|   18 | Monitor         | Memory          |
|   19 | DVD drive       | Memory          |
|   20 | CD drive        | Memory          |
|   21 | Printer         | Memory          |
|   22 | Toner cartridge | Memory          |
|   23 | DVD burner      | Memory          |
|   24 | Printer         | Memory          |
|   25 | Toner cartridge | Memory          |
|   26 | DVD burner      | Memory          |
|   27 | Hard drive      | Memory          |
|   28 | Memory          | Memory          |
|   29 | ZIP drive       | Memory          |
|   30 | Floppy disk     | Memory          |
|   31 | Monitor         | Memory          |
|   32 | DVD drive       | Memory          |
|   33 | CD drive        | Memory          |
|   34 | Printer         | Memory          |
|   35 | Toner cartridge | Memory          |
|   36 | DVD burner      | Memory          |
|   37 | Printer         | Memory          |
|   38 | Toner cartridge | Memory          |
|   39 | DVD burner      | Memory          |
|    1 | Hard drive      | ZIP drive       |
|    2 | Memory          | ZIP drive       |
|    3 | ZIP drive       | ZIP drive       |
|    4 | Floppy disk     | ZIP drive       |
|    5 | Monitor         | ZIP drive       |
|    6 | DVD drive       | ZIP drive       |
|    7 | CD drive        | ZIP drive       |
|    8 | Printer         | ZIP drive       |
|    9 | Toner cartridge | ZIP drive       |
|   10 | DVD burner      | ZIP drive       |
|   11 | Printer         | ZIP drive       |
|   12 | Toner cartridge | ZIP drive       |
|   13 | DVD burner      | ZIP drive       |
|   14 | Hard drive      | ZIP drive       |
|   15 | Memory          | ZIP drive       |
|   17 | Floppy disk     | ZIP drive       |
|   18 | Monitor         | ZIP drive       |
|   19 | DVD drive       | ZIP drive       |
|   20 | CD drive        | ZIP drive       |
|   21 | Printer         | ZIP drive       |
|   22 | Toner cartridge | ZIP drive       |
|   23 | DVD burner      | ZIP drive       |
|   24 | Printer         | ZIP drive       |
|   25 | Toner cartridge | ZIP drive       |
|   26 | DVD burner      | ZIP drive       |
|   27 | Hard drive      | ZIP drive       |
|   28 | Memory          | ZIP drive       |
|   29 | ZIP drive       | ZIP drive       |
|   30 | Floppy disk     | ZIP drive       |
|   31 | Monitor         | ZIP drive       |
|   32 | DVD drive       | ZIP drive       |
|   33 | CD drive        | ZIP drive       |
|   34 | Printer         | ZIP drive       |
|   35 | Toner cartridge | ZIP drive       |
|   36 | DVD burner      | ZIP drive       |
|   37 | Printer         | ZIP drive       |
|   38 | Toner cartridge | ZIP drive       |
|   39 | DVD burner      | ZIP drive       |
|    1 | Hard drive      | Floppy disk     |
|    2 | Memory          | Floppy disk     |
|    3 | ZIP drive       | Floppy disk     |
|    4 | Floppy disk     | Floppy disk     |
|    5 | Monitor         | Floppy disk     |
|    6 | DVD drive       | Floppy disk     |
|    7 | CD drive        | Floppy disk     |
|    8 | Printer         | Floppy disk     |
|    9 | Toner cartridge | Floppy disk     |
|   10 | DVD burner      | Floppy disk     |
|   11 | Printer         | Floppy disk     |
|   12 | Toner cartridge | Floppy disk     |
|   13 | DVD burner      | Floppy disk     |
|   14 | Hard drive      | Floppy disk     |
|   15 | Memory          | Floppy disk     |
|   16 | ZIP drive       | Floppy disk     |
|   18 | Monitor         | Floppy disk     |
|   19 | DVD drive       | Floppy disk     |
|   20 | CD drive        | Floppy disk     |
|   21 | Printer         | Floppy disk     |
|   22 | Toner cartridge | Floppy disk     |
|   23 | DVD burner      | Floppy disk     |
|   24 | Printer         | Floppy disk     |
|   25 | Toner cartridge | Floppy disk     |
|   26 | DVD burner      | Floppy disk     |
|   27 | Hard drive      | Floppy disk     |
|   28 | Memory          | Floppy disk     |
|   29 | ZIP drive       | Floppy disk     |
|   30 | Floppy disk     | Floppy disk     |
|   31 | Monitor         | Floppy disk     |
|   32 | DVD drive       | Floppy disk     |
|   33 | CD drive        | Floppy disk     |
|   34 | Printer         | Floppy disk     |
|   35 | Toner cartridge | Floppy disk     |
|   36 | DVD burner      | Floppy disk     |
|   37 | Printer         | Floppy disk     |
|   38 | Toner cartridge | Floppy disk     |
|   39 | DVD burner      | Floppy disk     |
|    1 | Hard drive      | Monitor         |
|    2 | Memory          | Monitor         |
|    3 | ZIP drive       | Monitor         |
|    4 | Floppy disk     | Monitor         |
|    5 | Monitor         | Monitor         |
|    6 | DVD drive       | Monitor         |
|    7 | CD drive        | Monitor         |
|    8 | Printer         | Monitor         |
|    9 | Toner cartridge | Monitor         |
|   10 | DVD burner      | Monitor         |
|   11 | Printer         | Monitor         |
|   12 | Toner cartridge | Monitor         |
|   13 | DVD burner      | Monitor         |
|   14 | Hard drive      | Monitor         |
|   15 | Memory          | Monitor         |
|   16 | ZIP drive       | Monitor         |
|   17 | Floppy disk     | Monitor         |
|   19 | DVD drive       | Monitor         |
|   20 | CD drive        | Monitor         |
|   21 | Printer         | Monitor         |
|   22 | Toner cartridge | Monitor         |
|   23 | DVD burner      | Monitor         |
|   24 | Printer         | Monitor         |
|   25 | Toner cartridge | Monitor         |
|   26 | DVD burner      | Monitor         |
|   27 | Hard drive      | Monitor         |
|   28 | Memory          | Monitor         |
|   29 | ZIP drive       | Monitor         |
|   30 | Floppy disk     | Monitor         |
|   31 | Monitor         | Monitor         |
|   32 | DVD drive       | Monitor         |
|   33 | CD drive        | Monitor         |
|   34 | Printer         | Monitor         |
|   35 | Toner cartridge | Monitor         |
|   36 | DVD burner      | Monitor         |
|   37 | Printer         | Monitor         |
|   38 | Toner cartridge | Monitor         |
|   39 | DVD burner      | Monitor         |
|    1 | Hard drive      | DVD drive       |
|    2 | Memory          | DVD drive       |
|    3 | ZIP drive       | DVD drive       |
|    4 | Floppy disk     | DVD drive       |
|    5 | Monitor         | DVD drive       |
|    6 | DVD drive       | DVD drive       |
|    7 | CD drive        | DVD drive       |
|    8 | Printer         | DVD drive       |
|    9 | Toner cartridge | DVD drive       |
|   10 | DVD burner      | DVD drive       |
|   11 | Printer         | DVD drive       |
|   12 | Toner cartridge | DVD drive       |
|   13 | DVD burner      | DVD drive       |
|   14 | Hard drive      | DVD drive       |
|   15 | Memory          | DVD drive       |
|   16 | ZIP drive       | DVD drive       |
|   17 | Floppy disk     | DVD drive       |
|   18 | Monitor         | DVD drive       |
|   20 | CD drive        | DVD drive       |
|   21 | Printer         | DVD drive       |
|   22 | Toner cartridge | DVD drive       |
|   23 | DVD burner      | DVD drive       |
|   24 | Printer         | DVD drive       |
|   25 | Toner cartridge | DVD drive       |
|   26 | DVD burner      | DVD drive       |
|   27 | Hard drive      | DVD drive       |
|   28 | Memory          | DVD drive       |
|   29 | ZIP drive       | DVD drive       |
|   30 | Floppy disk     | DVD drive       |
|   31 | Monitor         | DVD drive       |
|   32 | DVD drive       | DVD drive       |
|   33 | CD drive        | DVD drive       |
|   34 | Printer         | DVD drive       |
|   35 | Toner cartridge | DVD drive       |
|   36 | DVD burner      | DVD drive       |
|   37 | Printer         | DVD drive       |
|   38 | Toner cartridge | DVD drive       |
|   39 | DVD burner      | DVD drive       |
|    1 | Hard drive      | CD drive        |
|    2 | Memory          | CD drive        |
|    3 | ZIP drive       | CD drive        |
|    4 | Floppy disk     | CD drive        |
|    5 | Monitor         | CD drive        |
|    6 | DVD drive       | CD drive        |
|    7 | CD drive        | CD drive        |
|    8 | Printer         | CD drive        |
|    9 | Toner cartridge | CD drive        |
|   10 | DVD burner      | CD drive        |
|   11 | Printer         | CD drive        |
|   12 | Toner cartridge | CD drive        |
|   13 | DVD burner      | CD drive        |
|   14 | Hard drive      | CD drive        |
|   15 | Memory          | CD drive        |
|   16 | ZIP drive       | CD drive        |
|   17 | Floppy disk     | CD drive        |
|   18 | Monitor         | CD drive        |
|   19 | DVD drive       | CD drive        |
|   21 | Printer         | CD drive        |
|   22 | Toner cartridge | CD drive        |
|   23 | DVD burner      | CD drive        |
|   24 | Printer         | CD drive        |
|   25 | Toner cartridge | CD drive        |
|   26 | DVD burner      | CD drive        |
|   27 | Hard drive      | CD drive        |
|   28 | Memory          | CD drive        |
|   29 | ZIP drive       | CD drive        |
|   30 | Floppy disk     | CD drive        |
|   31 | Monitor         | CD drive        |
|   32 | DVD drive       | CD drive        |
|   33 | CD drive        | CD drive        |
|   34 | Printer         | CD drive        |
|   35 | Toner cartridge | CD drive        |
|   36 | DVD burner      | CD drive        |
|   37 | Printer         | CD drive        |
|   38 | Toner cartridge | CD drive        |
|   39 | DVD burner      | CD drive        |
|    1 | Hard drive      | Printer         |
|    2 | Memory          | Printer         |
|    3 | ZIP drive       | Printer         |
|    4 | Floppy disk     | Printer         |
|    5 | Monitor         | Printer         |
|    6 | DVD drive       | Printer         |
|    7 | CD drive        | Printer         |
|    8 | Printer         | Printer         |
|    9 | Toner cartridge | Printer         |
|   10 | DVD burner      | Printer         |
|   11 | Printer         | Printer         |
|   12 | Toner cartridge | Printer         |
|   13 | DVD burner      | Printer         |
|   14 | Hard drive      | Printer         |
|   15 | Memory          | Printer         |
|   16 | ZIP drive       | Printer         |
|   17 | Floppy disk     | Printer         |
|   18 | Monitor         | Printer         |
|   19 | DVD drive       | Printer         |
|   20 | CD drive        | Printer         |
|   22 | Toner cartridge | Printer         |
|   23 | DVD burner      | Printer         |
|   24 | Printer         | Printer         |
|   25 | Toner cartridge | Printer         |
|   26 | DVD burner      | Printer         |
|   27 | Hard drive      | Printer         |
|   28 | Memory          | Printer         |
|   29 | ZIP drive       | Printer         |
|   30 | Floppy disk     | Printer         |
|   31 | Monitor         | Printer         |
|   32 | DVD drive       | Printer         |
|   33 | CD drive        | Printer         |
|   34 | Printer         | Printer         |
|   35 | Toner cartridge | Printer         |
|   36 | DVD burner      | Printer         |
|   37 | Printer         | Printer         |
|   38 | Toner cartridge | Printer         |
|   39 | DVD burner      | Printer         |
|    1 | Hard drive      | Toner cartridge |
|    2 | Memory          | Toner cartridge |
|    3 | ZIP drive       | Toner cartridge |
|    4 | Floppy disk     | Toner cartridge |
|    5 | Monitor         | Toner cartridge |
|    6 | DVD drive       | Toner cartridge |
|    7 | CD drive        | Toner cartridge |
|    8 | Printer         | Toner cartridge |
|    9 | Toner cartridge | Toner cartridge |
|   10 | DVD burner      | Toner cartridge |
|   11 | Printer         | Toner cartridge |
|   12 | Toner cartridge | Toner cartridge |
|   13 | DVD burner      | Toner cartridge |
|   14 | Hard drive      | Toner cartridge |
|   15 | Memory          | Toner cartridge |
|   16 | ZIP drive       | Toner cartridge |
|   17 | Floppy disk     | Toner cartridge |
|   18 | Monitor         | Toner cartridge |
|   19 | DVD drive       | Toner cartridge |
|   20 | CD drive        | Toner cartridge |
|   21 | Printer         | Toner cartridge |
|   23 | DVD burner      | Toner cartridge |
|   24 | Printer         | Toner cartridge |
|   25 | Toner cartridge | Toner cartridge |
|   26 | DVD burner      | Toner cartridge |
|   27 | Hard drive      | Toner cartridge |
|   28 | Memory          | Toner cartridge |
|   29 | ZIP drive       | Toner cartridge |
|   30 | Floppy disk     | Toner cartridge |
|   31 | Monitor         | Toner cartridge |
|   32 | DVD drive       | Toner cartridge |
|   33 | CD drive        | Toner cartridge |
|   34 | Printer         | Toner cartridge |
|   35 | Toner cartridge | Toner cartridge |
|   36 | DVD burner      | Toner cartridge |
|   37 | Printer         | Toner cartridge |
|   38 | Toner cartridge | Toner cartridge |
|   39 | DVD burner      | Toner cartridge |
|    1 | Hard drive      | DVD burner      |
|    2 | Memory          | DVD burner      |
|    3 | ZIP drive       | DVD burner      |
|    4 | Floppy disk     | DVD burner      |
|    5 | Monitor         | DVD burner      |
|    6 | DVD drive       | DVD burner      |
|    7 | CD drive        | DVD burner      |
|    8 | Printer         | DVD burner      |
|    9 | Toner cartridge | DVD burner      |
|   10 | DVD burner      | DVD burner      |
|   11 | Printer         | DVD burner      |
|   12 | Toner cartridge | DVD burner      |
|   13 | DVD burner      | DVD burner      |
|   14 | Hard drive      | DVD burner      |
|   15 | Memory          | DVD burner      |
|   16 | ZIP drive       | DVD burner      |
|   17 | Floppy disk     | DVD burner      |
|   18 | Monitor         | DVD burner      |
|   19 | DVD drive       | DVD burner      |
|   20 | CD drive        | DVD burner      |
|   21 | Printer         | DVD burner      |
|   22 | Toner cartridge | DVD burner      |
|   24 | Printer         | DVD burner      |
|   25 | Toner cartridge | DVD burner      |
|   26 | DVD burner      | DVD burner      |
|   27 | Hard drive      | DVD burner      |
|   28 | Memory          | DVD burner      |
|   29 | ZIP drive       | DVD burner      |
|   30 | Floppy disk     | DVD burner      |
|   31 | Monitor         | DVD burner      |
|   32 | DVD drive       | DVD burner      |
|   33 | CD drive        | DVD burner      |
|   34 | Printer         | DVD burner      |
|   35 | Toner cartridge | DVD burner      |
|   36 | DVD burner      | DVD burner      |
|   37 | Printer         | DVD burner      |
|   38 | Toner cartridge | DVD burner      |
|   39 | DVD burner      | DVD burner      |
|    1 | Hard drive      | Printer         |
|    2 | Memory          | Printer         |
|    3 | ZIP drive       | Printer         |
|    4 | Floppy disk     | Printer         |
|    5 | Monitor         | Printer         |
|    6 | DVD drive       | Printer         |
|    7 | CD drive        | Printer         |
|    8 | Printer         | Printer         |
|    9 | Toner cartridge | Printer         |
|   10 | DVD burner      | Printer         |
|   11 | Printer         | Printer         |
|   12 | Toner cartridge | Printer         |
|   13 | DVD burner      | Printer         |
|   14 | Hard drive      | Printer         |
|   15 | Memory          | Printer         |
|   16 | ZIP drive       | Printer         |
|   17 | Floppy disk     | Printer         |
|   18 | Monitor         | Printer         |
|   19 | DVD drive       | Printer         |
|   20 | CD drive        | Printer         |
|   21 | Printer         | Printer         |
|   22 | Toner cartridge | Printer         |
|   23 | DVD burner      | Printer         |
|   25 | Toner cartridge | Printer         |
|   26 | DVD burner      | Printer         |
|   27 | Hard drive      | Printer         |
|   28 | Memory          | Printer         |
|   29 | ZIP drive       | Printer         |
|   30 | Floppy disk     | Printer         |
|   31 | Monitor         | Printer         |
|   32 | DVD drive       | Printer         |
|   33 | CD drive        | Printer         |
|   34 | Printer         | Printer         |
|   35 | Toner cartridge | Printer         |
|   36 | DVD burner      | Printer         |
|   37 | Printer         | Printer         |
|   38 | Toner cartridge | Printer         |
|   39 | DVD burner      | Printer         |
|    1 | Hard drive      | Toner cartridge |
|    2 | Memory          | Toner cartridge |
|    3 | ZIP drive       | Toner cartridge |
|    4 | Floppy disk     | Toner cartridge |
|    5 | Monitor         | Toner cartridge |
|    6 | DVD drive       | Toner cartridge |
|    7 | CD drive        | Toner cartridge |
|    8 | Printer         | Toner cartridge |
|    9 | Toner cartridge | Toner cartridge |
|   10 | DVD burner      | Toner cartridge |
|   11 | Printer         | Toner cartridge |
|   12 | Toner cartridge | Toner cartridge |
|   13 | DVD burner      | Toner cartridge |
|   14 | Hard drive      | Toner cartridge |
|   15 | Memory          | Toner cartridge |
|   16 | ZIP drive       | Toner cartridge |
|   17 | Floppy disk     | Toner cartridge |
|   18 | Monitor         | Toner cartridge |
|   19 | DVD drive       | Toner cartridge |
|   20 | CD drive        | Toner cartridge |
|   21 | Printer         | Toner cartridge |
|   22 | Toner cartridge | Toner cartridge |
|   23 | DVD burner      | Toner cartridge |
|   24 | Printer         | Toner cartridge |
|   26 | DVD burner      | Toner cartridge |
|   27 | Hard drive      | Toner cartridge |
|   28 | Memory          | Toner cartridge |
|   29 | ZIP drive       | Toner cartridge |
|   30 | Floppy disk     | Toner cartridge |
|   31 | Monitor         | Toner cartridge |
|   32 | DVD drive       | Toner cartridge |
|   33 | CD drive        | Toner cartridge |
|   34 | Printer         | Toner cartridge |
|   35 | Toner cartridge | Toner cartridge |
|   36 | DVD burner      | Toner cartridge |
|   37 | Printer         | Toner cartridge |
|   38 | Toner cartridge | Toner cartridge |
|   39 | DVD burner      | Toner cartridge |
|    1 | Hard drive      | DVD burner      |
|    2 | Memory          | DVD burner      |
|    3 | ZIP drive       | DVD burner      |
|    4 | Floppy disk     | DVD burner      |
|    5 | Monitor         | DVD burner      |
|    6 | DVD drive       | DVD burner      |
|    7 | CD drive        | DVD burner      |
|    8 | Printer         | DVD burner      |
|    9 | Toner cartridge | DVD burner      |
|   10 | DVD burner      | DVD burner      |
|   11 | Printer         | DVD burner      |
|   12 | Toner cartridge | DVD burner      |
|   13 | DVD burner      | DVD burner      |
|   14 | Hard drive      | DVD burner      |
|   15 | Memory          | DVD burner      |
|   16 | ZIP drive       | DVD burner      |
|   17 | Floppy disk     | DVD burner      |
|   18 | Monitor         | DVD burner      |
|   19 | DVD drive       | DVD burner      |
|   20 | CD drive        | DVD burner      |
|   21 | Printer         | DVD burner      |
|   22 | Toner cartridge | DVD burner      |
|   23 | DVD burner      | DVD burner      |
|   24 | Printer         | DVD burner      |
|   25 | Toner cartridge | DVD burner      |
|   27 | Hard drive      | DVD burner      |
|   28 | Memory          | DVD burner      |
|   29 | ZIP drive       | DVD burner      |
|   30 | Floppy disk     | DVD burner      |
|   31 | Monitor         | DVD burner      |
|   32 | DVD drive       | DVD burner      |
|   33 | CD drive        | DVD burner      |
|   34 | Printer         | DVD burner      |
|   35 | Toner cartridge | DVD burner      |
|   36 | DVD burner      | DVD burner      |
|   37 | Printer         | DVD burner      |
|   38 | Toner cartridge | DVD burner      |
|   39 | DVD burner      | DVD burner      |
|    1 | Hard drive      | Hard drive      |
|    2 | Memory          | Hard drive      |
|    3 | ZIP drive       | Hard drive      |
|    4 | Floppy disk     | Hard drive      |
|    5 | Monitor         | Hard drive      |
|    6 | DVD drive       | Hard drive      |
|    7 | CD drive        | Hard drive      |
|    8 | Printer         | Hard drive      |
|    9 | Toner cartridge | Hard drive      |
|   10 | DVD burner      | Hard drive      |
|   11 | Printer         | Hard drive      |
|   12 | Toner cartridge | Hard drive      |
|   13 | DVD burner      | Hard drive      |
|   14 | Hard drive      | Hard drive      |
|   15 | Memory          | Hard drive      |
|   16 | ZIP drive       | Hard drive      |
|   17 | Floppy disk     | Hard drive      |
|   18 | Monitor         | Hard drive      |
|   19 | DVD drive       | Hard drive      |
|   20 | CD drive        | Hard drive      |
|   21 | Printer         | Hard drive      |
|   22 | Toner cartridge | Hard drive      |
|   23 | DVD burner      | Hard drive      |
|   24 | Printer         | Hard drive      |
|   25 | Toner cartridge | Hard drive      |
|   26 | DVD burner      | Hard drive      |
|   28 | Memory          | Hard drive      |
|   29 | ZIP drive       | Hard drive      |
|   30 | Floppy disk     | Hard drive      |
|   31 | Monitor         | Hard drive      |
|   32 | DVD drive       | Hard drive      |
|   33 | CD drive        | Hard drive      |
|   34 | Printer         | Hard drive      |
|   35 | Toner cartridge | Hard drive      |
|   36 | DVD burner      | Hard drive      |
|   37 | Printer         | Hard drive      |
|   38 | Toner cartridge | Hard drive      |
|   39 | DVD burner      | Hard drive      |
|    1 | Hard drive      | Memory          |
|    2 | Memory          | Memory          |
|    3 | ZIP drive       | Memory          |
|    4 | Floppy disk     | Memory          |
|    5 | Monitor         | Memory          |
|    6 | DVD drive       | Memory          |
|    7 | CD drive        | Memory          |
|    8 | Printer         | Memory          |
|    9 | Toner cartridge | Memory          |
|   10 | DVD burner      | Memory          |
|   11 | Printer         | Memory          |
|   12 | Toner cartridge | Memory          |
|   13 | DVD burner      | Memory          |
|   14 | Hard drive      | Memory          |
|   15 | Memory          | Memory          |
|   16 | ZIP drive       | Memory          |
|   17 | Floppy disk     | Memory          |
|   18 | Monitor         | Memory          |
|   19 | DVD drive       | Memory          |
|   20 | CD drive        | Memory          |
|   21 | Printer         | Memory          |
|   22 | Toner cartridge | Memory          |
|   23 | DVD burner      | Memory          |
|   24 | Printer         | Memory          |
|   25 | Toner cartridge | Memory          |
|   26 | DVD burner      | Memory          |
|   27 | Hard drive      | Memory          |
|   29 | ZIP drive       | Memory          |
|   30 | Floppy disk     | Memory          |
|   31 | Monitor         | Memory          |
|   32 | DVD drive       | Memory          |
|   33 | CD drive        | Memory          |
|   34 | Printer         | Memory          |
|   35 | Toner cartridge | Memory          |
|   36 | DVD burner      | Memory          |
|   37 | Printer         | Memory          |
|   38 | Toner cartridge | Memory          |
|   39 | DVD burner      | Memory          |
|    1 | Hard drive      | ZIP drive       |
|    2 | Memory          | ZIP drive       |
|    3 | ZIP drive       | ZIP drive       |
|    4 | Floppy disk     | ZIP drive       |
|    5 | Monitor         | ZIP drive       |
|    6 | DVD drive       | ZIP drive       |
|    7 | CD drive        | ZIP drive       |
|    8 | Printer         | ZIP drive       |
|    9 | Toner cartridge | ZIP drive       |
|   10 | DVD burner      | ZIP drive       |
|   11 | Printer         | ZIP drive       |
|   12 | Toner cartridge | ZIP drive       |
|   13 | DVD burner      | ZIP drive       |
|   14 | Hard drive      | ZIP drive       |
|   15 | Memory          | ZIP drive       |
|   16 | ZIP drive       | ZIP drive       |
|   17 | Floppy disk     | ZIP drive       |
|   18 | Monitor         | ZIP drive       |
|   19 | DVD drive       | ZIP drive       |
|   20 | CD drive        | ZIP drive       |
|   21 | Printer         | ZIP drive       |
|   22 | Toner cartridge | ZIP drive       |
|   23 | DVD burner      | ZIP drive       |
|   24 | Printer         | ZIP drive       |
|   25 | Toner cartridge | ZIP drive       |
|   26 | DVD burner      | ZIP drive       |
|   27 | Hard drive      | ZIP drive       |
|   28 | Memory          | ZIP drive       |
|   30 | Floppy disk     | ZIP drive       |
|   31 | Monitor         | ZIP drive       |
|   32 | DVD drive       | ZIP drive       |
|   33 | CD drive        | ZIP drive       |
|   34 | Printer         | ZIP drive       |
|   35 | Toner cartridge | ZIP drive       |
|   36 | DVD burner      | ZIP drive       |
|   37 | Printer         | ZIP drive       |
|   38 | Toner cartridge | ZIP drive       |
|   39 | DVD burner      | ZIP drive       |
|    1 | Hard drive      | Floppy disk     |
|    2 | Memory          | Floppy disk     |
|    3 | ZIP drive       | Floppy disk     |
|    4 | Floppy disk     | Floppy disk     |
|    5 | Monitor         | Floppy disk     |
|    6 | DVD drive       | Floppy disk     |
|    7 | CD drive        | Floppy disk     |
|    8 | Printer         | Floppy disk     |
|    9 | Toner cartridge | Floppy disk     |
|   10 | DVD burner      | Floppy disk     |
|   11 | Printer         | Floppy disk     |
|   12 | Toner cartridge | Floppy disk     |
|   13 | DVD burner      | Floppy disk     |
|   14 | Hard drive      | Floppy disk     |
|   15 | Memory          | Floppy disk     |
|   16 | ZIP drive       | Floppy disk     |
|   17 | Floppy disk     | Floppy disk     |
|   18 | Monitor         | Floppy disk     |
|   19 | DVD drive       | Floppy disk     |
|   20 | CD drive        | Floppy disk     |
|   21 | Printer         | Floppy disk     |
|   22 | Toner cartridge | Floppy disk     |
|   23 | DVD burner      | Floppy disk     |
|   24 | Printer         | Floppy disk     |
|   25 | Toner cartridge | Floppy disk     |
|   26 | DVD burner      | Floppy disk     |
|   27 | Hard drive      | Floppy disk     |
|   28 | Memory          | Floppy disk     |
|   29 | ZIP drive       | Floppy disk     |
|   31 | Monitor         | Floppy disk     |
|   32 | DVD drive       | Floppy disk     |
|   33 | CD drive        | Floppy disk     |
|   34 | Printer         | Floppy disk     |
|   35 | Toner cartridge | Floppy disk     |
|   36 | DVD burner      | Floppy disk     |
|   37 | Printer         | Floppy disk     |
|   38 | Toner cartridge | Floppy disk     |
|   39 | DVD burner      | Floppy disk     |
|    1 | Hard drive      | Monitor         |
|    2 | Memory          | Monitor         |
|    3 | ZIP drive       | Monitor         |
|    4 | Floppy disk     | Monitor         |
|    5 | Monitor         | Monitor         |
|    6 | DVD drive       | Monitor         |
|    7 | CD drive        | Monitor         |
|    8 | Printer         | Monitor         |
|    9 | Toner cartridge | Monitor         |
|   10 | DVD burner      | Monitor         |
|   11 | Printer         | Monitor         |
|   12 | Toner cartridge | Monitor         |
|   13 | DVD burner      | Monitor         |
|   14 | Hard drive      | Monitor         |
|   15 | Memory          | Monitor         |
|   16 | ZIP drive       | Monitor         |
|   17 | Floppy disk     | Monitor         |
|   18 | Monitor         | Monitor         |
|   19 | DVD drive       | Monitor         |
|   20 | CD drive        | Monitor         |
|   21 | Printer         | Monitor         |
|   22 | Toner cartridge | Monitor         |
|   23 | DVD burner      | Monitor         |
|   24 | Printer         | Monitor         |
|   25 | Toner cartridge | Monitor         |
|   26 | DVD burner      | Monitor         |
|   27 | Hard drive      | Monitor         |
|   28 | Memory          | Monitor         |
|   29 | ZIP drive       | Monitor         |
|   30 | Floppy disk     | Monitor         |
|   32 | DVD drive       | Monitor         |
|   33 | CD drive        | Monitor         |
|   34 | Printer         | Monitor         |
|   35 | Toner cartridge | Monitor         |
|   36 | DVD burner      | Monitor         |
|   37 | Printer         | Monitor         |
|   38 | Toner cartridge | Monitor         |
|   39 | DVD burner      | Monitor         |
|    1 | Hard drive      | DVD drive       |
|    2 | Memory          | DVD drive       |
|    3 | ZIP drive       | DVD drive       |
|    4 | Floppy disk     | DVD drive       |
|    5 | Monitor         | DVD drive       |
|    6 | DVD drive       | DVD drive       |
|    7 | CD drive        | DVD drive       |
|    8 | Printer         | DVD drive       |
|    9 | Toner cartridge | DVD drive       |
|   10 | DVD burner      | DVD drive       |
|   11 | Printer         | DVD drive       |
|   12 | Toner cartridge | DVD drive       |
|   13 | DVD burner      | DVD drive       |
|   14 | Hard drive      | DVD drive       |
|   15 | Memory          | DVD drive       |
|   16 | ZIP drive       | DVD drive       |
|   17 | Floppy disk     | DVD drive       |
|   18 | Monitor         | DVD drive       |
|   19 | DVD drive       | DVD drive       |
|   20 | CD drive        | DVD drive       |
|   21 | Printer         | DVD drive       |
|   22 | Toner cartridge | DVD drive       |
|   23 | DVD burner      | DVD drive       |
|   24 | Printer         | DVD drive       |
|   25 | Toner cartridge | DVD drive       |
|   26 | DVD burner      | DVD drive       |
|   27 | Hard drive      | DVD drive       |
|   28 | Memory          | DVD drive       |
|   29 | ZIP drive       | DVD drive       |
|   30 | Floppy disk     | DVD drive       |
|   31 | Monitor         | DVD drive       |
|   33 | CD drive        | DVD drive       |
|   34 | Printer         | DVD drive       |
|   35 | Toner cartridge | DVD drive       |
|   36 | DVD burner      | DVD drive       |
|   37 | Printer         | DVD drive       |
|   38 | Toner cartridge | DVD drive       |
|   39 | DVD burner      | DVD drive       |
|    1 | Hard drive      | CD drive        |
|    2 | Memory          | CD drive        |
|    3 | ZIP drive       | CD drive        |
|    4 | Floppy disk     | CD drive        |
|    5 | Monitor         | CD drive        |
|    6 | DVD drive       | CD drive        |
|    7 | CD drive        | CD drive        |
|    8 | Printer         | CD drive        |
|    9 | Toner cartridge | CD drive        |
|   10 | DVD burner      | CD drive        |
|   11 | Printer         | CD drive        |
|   12 | Toner cartridge | CD drive        |
|   13 | DVD burner      | CD drive        |
|   14 | Hard drive      | CD drive        |
|   15 | Memory          | CD drive        |
|   16 | ZIP drive       | CD drive        |
|   17 | Floppy disk     | CD drive        |
|   18 | Monitor         | CD drive        |
|   19 | DVD drive       | CD drive        |
|   20 | CD drive        | CD drive        |
|   21 | Printer         | CD drive        |
|   22 | Toner cartridge | CD drive        |
|   23 | DVD burner      | CD drive        |
|   24 | Printer         | CD drive        |
|   25 | Toner cartridge | CD drive        |
|   26 | DVD burner      | CD drive        |
|   27 | Hard drive      | CD drive        |
|   28 | Memory          | CD drive        |
|   29 | ZIP drive       | CD drive        |
|   30 | Floppy disk     | CD drive        |
|   31 | Monitor         | CD drive        |
|   32 | DVD drive       | CD drive        |
|   34 | Printer         | CD drive        |
|   35 | Toner cartridge | CD drive        |
|   36 | DVD burner      | CD drive        |
|   37 | Printer         | CD drive        |
|   38 | Toner cartridge | CD drive        |
|   39 | DVD burner      | CD drive        |
|    1 | Hard drive      | Printer         |
|    2 | Memory          | Printer         |
|    3 | ZIP drive       | Printer         |
|    4 | Floppy disk     | Printer         |
|    5 | Monitor         | Printer         |
|    6 | DVD drive       | Printer         |
|    7 | CD drive        | Printer         |
|    8 | Printer         | Printer         |
|    9 | Toner cartridge | Printer         |
|   10 | DVD burner      | Printer         |
|   11 | Printer         | Printer         |
|   12 | Toner cartridge | Printer         |
|   13 | DVD burner      | Printer         |
|   14 | Hard drive      | Printer         |
|   15 | Memory          | Printer         |
|   16 | ZIP drive       | Printer         |
|   17 | Floppy disk     | Printer         |
|   18 | Monitor         | Printer         |
|   19 | DVD drive       | Printer         |
|   20 | CD drive        | Printer         |
|   21 | Printer         | Printer         |
|   22 | Toner cartridge | Printer         |
|   23 | DVD burner      | Printer         |
|   24 | Printer         | Printer         |
|   25 | Toner cartridge | Printer         |
|   26 | DVD burner      | Printer         |
|   27 | Hard drive      | Printer         |
|   28 | Memory          | Printer         |
|   29 | ZIP drive       | Printer         |
|   30 | Floppy disk     | Printer         |
|   31 | Monitor         | Printer         |
|   32 | DVD drive       | Printer         |
|   33 | CD drive        | Printer         |
|   35 | Toner cartridge | Printer         |
|   36 | DVD burner      | Printer         |
|   37 | Printer         | Printer         |
|   38 | Toner cartridge | Printer         |
|   39 | DVD burner      | Printer         |
|    1 | Hard drive      | Toner cartridge |
|    2 | Memory          | Toner cartridge |
|    3 | ZIP drive       | Toner cartridge |
|    4 | Floppy disk     | Toner cartridge |
|    5 | Monitor         | Toner cartridge |
|    6 | DVD drive       | Toner cartridge |
|    7 | CD drive        | Toner cartridge |
|    8 | Printer         | Toner cartridge |
|    9 | Toner cartridge | Toner cartridge |
|   10 | DVD burner      | Toner cartridge |
|   11 | Printer         | Toner cartridge |
|   12 | Toner cartridge | Toner cartridge |
|   13 | DVD burner      | Toner cartridge |
|   14 | Hard drive      | Toner cartridge |
|   15 | Memory          | Toner cartridge |
|   16 | ZIP drive       | Toner cartridge |
|   17 | Floppy disk     | Toner cartridge |
|   18 | Monitor         | Toner cartridge |
|   19 | DVD drive       | Toner cartridge |
|   20 | CD drive        | Toner cartridge |
|   21 | Printer         | Toner cartridge |
|   22 | Toner cartridge | Toner cartridge |
|   23 | DVD burner      | Toner cartridge |
|   24 | Printer         | Toner cartridge |
|   25 | Toner cartridge | Toner cartridge |
|   26 | DVD burner      | Toner cartridge |
|   27 | Hard drive      | Toner cartridge |
|   28 | Memory          | Toner cartridge |
|   29 | ZIP drive       | Toner cartridge |
|   30 | Floppy disk     | Toner cartridge |
|   31 | Monitor         | Toner cartridge |
|   32 | DVD drive       | Toner cartridge |
|   33 | CD drive        | Toner cartridge |
|   34 | Printer         | Toner cartridge |
|   36 | DVD burner      | Toner cartridge |
|   37 | Printer         | Toner cartridge |
|   38 | Toner cartridge | Toner cartridge |
|   39 | DVD burner      | Toner cartridge |
|    1 | Hard drive      | DVD burner      |
|    2 | Memory          | DVD burner      |
|    3 | ZIP drive       | DVD burner      |
|    4 | Floppy disk     | DVD burner      |
|    5 | Monitor         | DVD burner      |
|    6 | DVD drive       | DVD burner      |
|    7 | CD drive        | DVD burner      |
|    8 | Printer         | DVD burner      |
|    9 | Toner cartridge | DVD burner      |
|   10 | DVD burner      | DVD burner      |
|   11 | Printer         | DVD burner      |
|   12 | Toner cartridge | DVD burner      |
|   13 | DVD burner      | DVD burner      |
|   14 | Hard drive      | DVD burner      |
|   15 | Memory          | DVD burner      |
|   16 | ZIP drive       | DVD burner      |
|   17 | Floppy disk     | DVD burner      |
|   18 | Monitor         | DVD burner      |
|   19 | DVD drive       | DVD burner      |
|   20 | CD drive        | DVD burner      |
|   21 | Printer         | DVD burner      |
|   22 | Toner cartridge | DVD burner      |
|   23 | DVD burner      | DVD burner      |
|   24 | Printer         | DVD burner      |
|   25 | Toner cartridge | DVD burner      |
|   26 | DVD burner      | DVD burner      |
|   27 | Hard drive      | DVD burner      |
|   28 | Memory          | DVD burner      |
|   29 | ZIP drive       | DVD burner      |
|   30 | Floppy disk     | DVD burner      |
|   31 | Monitor         | DVD burner      |
|   32 | DVD drive       | DVD burner      |
|   33 | CD drive        | DVD burner      |
|   34 | Printer         | DVD burner      |
|   35 | Toner cartridge | DVD burner      |
|   37 | Printer         | DVD burner      |
|   38 | Toner cartridge | DVD burner      |
|   39 | DVD burner      | DVD burner      |
|    1 | Hard drive      | Printer         |
|    2 | Memory          | Printer         |
|    3 | ZIP drive       | Printer         |
|    4 | Floppy disk     | Printer         |
|    5 | Monitor         | Printer         |
|    6 | DVD drive       | Printer         |
|    7 | CD drive        | Printer         |
|    8 | Printer         | Printer         |
|    9 | Toner cartridge | Printer         |
|   10 | DVD burner      | Printer         |
|   11 | Printer         | Printer         |
|   12 | Toner cartridge | Printer         |
|   13 | DVD burner      | Printer         |
|   14 | Hard drive      | Printer         |
|   15 | Memory          | Printer         |
|   16 | ZIP drive       | Printer         |
|   17 | Floppy disk     | Printer         |
|   18 | Monitor         | Printer         |
|   19 | DVD drive       | Printer         |
|   20 | CD drive        | Printer         |
|   21 | Printer         | Printer         |
|   22 | Toner cartridge | Printer         |
|   23 | DVD burner      | Printer         |
|   24 | Printer         | Printer         |
|   25 | Toner cartridge | Printer         |
|   26 | DVD burner      | Printer         |
|   27 | Hard drive      | Printer         |
|   28 | Memory          | Printer         |
|   29 | ZIP drive       | Printer         |
|   30 | Floppy disk     | Printer         |
|   31 | Monitor         | Printer         |
|   32 | DVD drive       | Printer         |
|   33 | CD drive        | Printer         |
|   34 | Printer         | Printer         |
|   35 | Toner cartridge | Printer         |
|   36 | DVD burner      | Printer         |
|   38 | Toner cartridge | Printer         |
|   39 | DVD burner      | Printer         |
|    1 | Hard drive      | Toner cartridge |
|    2 | Memory          | Toner cartridge |
|    3 | ZIP drive       | Toner cartridge |
|    4 | Floppy disk     | Toner cartridge |
|    5 | Monitor         | Toner cartridge |
|    6 | DVD drive       | Toner cartridge |
|    7 | CD drive        | Toner cartridge |
|    8 | Printer         | Toner cartridge |
|    9 | Toner cartridge | Toner cartridge |
|   10 | DVD burner      | Toner cartridge |
|   11 | Printer         | Toner cartridge |
|   12 | Toner cartridge | Toner cartridge |
|   13 | DVD burner      | Toner cartridge |
|   14 | Hard drive      | Toner cartridge |
|   15 | Memory          | Toner cartridge |
|   16 | ZIP drive       | Toner cartridge |
|   17 | Floppy disk     | Toner cartridge |
|   18 | Monitor         | Toner cartridge |
|   19 | DVD drive       | Toner cartridge |
|   20 | CD drive        | Toner cartridge |
|   21 | Printer         | Toner cartridge |
|   22 | Toner cartridge | Toner cartridge |
|   23 | DVD burner      | Toner cartridge |
|   24 | Printer         | Toner cartridge |
|   25 | Toner cartridge | Toner cartridge |
|   26 | DVD burner      | Toner cartridge |
|   27 | Hard drive      | Toner cartridge |
|   28 | Memory          | Toner cartridge |
|   29 | ZIP drive       | Toner cartridge |
|   30 | Floppy disk     | Toner cartridge |
|   31 | Monitor         | Toner cartridge |
|   32 | DVD drive       | Toner cartridge |
|   33 | CD drive        | Toner cartridge |
|   34 | Printer         | Toner cartridge |
|   35 | Toner cartridge | Toner cartridge |
|   36 | DVD burner      | Toner cartridge |
|   37 | Printer         | Toner cartridge |
|   39 | DVD burner      | Toner cartridge |
|    1 | Hard drive      | DVD burner      |
|    2 | Memory          | DVD burner      |
|    3 | ZIP drive       | DVD burner      |
|    4 | Floppy disk     | DVD burner      |
|    5 | Monitor         | DVD burner      |
|    6 | DVD drive       | DVD burner      |
|    7 | CD drive        | DVD burner      |
|    8 | Printer         | DVD burner      |
|    9 | Toner cartridge | DVD burner      |
|   10 | DVD burner      | DVD burner      |
|   11 | Printer         | DVD burner      |
|   12 | Toner cartridge | DVD burner      |
|   13 | DVD burner      | DVD burner      |
|   14 | Hard drive      | DVD burner      |
|   15 | Memory          | DVD burner      |
|   16 | ZIP drive       | DVD burner      |
|   17 | Floppy disk     | DVD burner      |
|   18 | Monitor         | DVD burner      |
|   19 | DVD drive       | DVD burner      |
|   20 | CD drive        | DVD burner      |
|   21 | Printer         | DVD burner      |
|   22 | Toner cartridge | DVD burner      |
|   23 | DVD burner      | DVD burner      |
|   24 | Printer         | DVD burner      |
|   25 | Toner cartridge | DVD burner      |
|   26 | DVD burner      | DVD burner      |
|   27 | Hard drive      | DVD burner      |
|   28 | Memory          | DVD burner      |
|   29 | ZIP drive       | DVD burner      |
|   30 | Floppy disk     | DVD burner      |
|   31 | Monitor         | DVD burner      |
|   32 | DVD drive       | DVD burner      |
|   33 | CD drive        | DVD burner      |
|   34 | Printer         | DVD burner      |
|   35 | Toner cartridge | DVD burner      |
|   36 | DVD burner      | DVD burner      |
|   37 | Printer         | DVD burner      |
|   38 | Toner cartridge | DVD burner      |
+------+-----------------+-----------------+
1482 rows in set (0.00 sec)

MariaDB [KHUSHBOO]> CREATE TABLE PET(
    -> NAME VARCHAR(20),
    -> OWNER  VARCHAR(20),
    -> SPECIES VARCHAR(20),
    -> SEX CHAR(1),
    -> BIRTH DATE,DEATH DATE);
Query OK, 0 rows affected (0.33 sec)

MariaDB [KHUSHBOO]> LOAD DATA INFILE 'C:\xampp\PET.TXT' TO TABLE PET;
ERROR 1064 (42000): You have an error in your SQL syntax; check the manual that corresponds to your MariaDB server version for the right syntax to use near 'TO TABLE PET' at line 1
MariaDB [KHUSHBOO]> LOAD DATA INFILE 'C:/xampp/PET.TXT' TO TABLE PET;
ERROR 1064 (42000): You have an error in your SQL syntax; check the manual that corresponds to your MariaDB server version for the right syntax to use near 'TO TABLE PET' at line 1
MariaDB [KHUSHBOO]> LOAD DATA INFILE 'C:\xampp/PET.TXT' TO TABLE PET;
ERROR 1064 (42000): You have an error in your SQL syntax; check the manual that corresponds to your MariaDB server version for the right syntax to use near 'TO TABLE PET' at line 1
MariaDB [KHUSHBOO]> LOAD DATA INFILE 'C:/xampp/pet.txt' TO TABLE PET;
ERROR 1064 (42000): You have an error in your SQL syntax; check the manual that corresponds to your MariaDB server version for the right syntax to use near 'TO TABLE PET' at line 1
MariaDB [KHUSHBOO]> LOAD DATA INFILE 'C:/xampp/pet.txt' inTO TABLE PET;
Query OK, 8 rows affected, 7 warnings (0.22 sec)
Records: 8  Deleted: 0  Skipped: 0  Warnings: 7

MariaDB [KHUSHBOO]> select * from pet;
+----------+--------+---------+------+------------+------------+
| NAME     | OWNER  | SPECIES | SEX  | BIRTH      | DEATH      |
+----------+--------+---------+------+------------+------------+
| Fluffy   | Harold | cat     | f    | 1993-02-04 | 0000-00-00 |
| Claws    | Gwen   | cat     | m    | 1994-03-17 | 0000-00-00 |
| Buffy    | Harold | dog     | f    | 1989-05-13 | 0000-00-00 |
| Fang     | Benny  | dog     | m    | 1990-08-27 | 0000-00-00 |
| Bowser   | Diane  | dog     | m    | 1979-08-31 | 1995-07-29 |
| Chirpy   | Gwen   | bird    | f    | 1998-09-11 | 0000-00-00 |
| Whistler | Gwen   | bird    |      | 1997-12-09 | 0000-00-00 |
| Slim     | Benny  | snake   | m    | 1996-04-29 | 0000-00-00 |
+----------+--------+---------+------+------------+------------+
8 rows in set (0.00 sec)

MariaDB [KHUSHBOO]> select curdate();
+------------+
| curdate()  |
+------------+
| 2018-01-16 |
+------------+
1 row in set (0.00 sec)

MariaDB [KHUSHBOO]> select now();
+---------------------+
| now()               |
+---------------------+
| 2018-01-16 10:16:55 |
+---------------------+
1 row in set (0.00 sec)

MariaDB [KHUSHBOO]> select name,birth from pet;
+----------+------------+
| name     | birth      |
+----------+------------+
| Fluffy   | 1993-02-04 |
| Claws    | 1994-03-17 |
| Buffy    | 1989-05-13 |
| Fang     | 1990-08-27 |
| Bowser   | 1979-08-31 |
| Chirpy   | 1998-09-11 |
| Whistler | 1997-12-09 |
| Slim     | 1996-04-29 |
+----------+------------+
8 rows in set (0.00 sec)

MariaDB [KHUSHBOO]> select name,timestampdiff(year,birth,curdate()) as age from pet;
+----------+------+
| name     | age  |
+----------+------+
| Fluffy   |   24 |
| Claws    |   23 |
| Buffy    |   28 |
| Fang     |   27 |
| Bowser   |   38 |
| Chirpy   |   19 |
| Whistler |   20 |
| Slim     |   21 |
+----------+------+
8 rows in set (0.00 sec)

MariaDB [KHUSHBOO]> select name,timestampdiff(year,birth,curdate()) as age from pet where age > 23;
ERROR 1054 (42S22): Unknown column 'age' in 'where clause'
MariaDB [KHUSHBOO]> select name,timestampdiff(year,birth,curdate()) as age from pet having age > 23;
+--------+------+
| name   | age  |
+--------+------+
| Fluffy |   24 |
| Buffy  |   28 |
| Fang   |   27 |
| Bowser |   38 |
+--------+------+
4 rows in set (0.00 sec)

MariaDB [KHUSHBOO]> select day of week();
ERROR 1064 (42000): You have an error in your SQL syntax; check the manual that corresponds to your MariaDB server version for the right syntax to use near 'week()' at line 1
MariaDB [KHUSHBOO]> select dayofweek();
ERROR 1582 (42000): Incorrect parameter count in the call to native function 'dayofweek'
MariaDB [KHUSHBOO]> select localtimestamp();
+---------------------+
| localtimestamp()    |
+---------------------+
| 2018-01-16 10:34:22 |
+---------------------+
1 row in set (0.00 sec)

MariaDB [KHUSHBOO]> insert into pet values('123'); insert into per values('abc123');
ERROR 1136 (21S01): Column count doesn't match value count at row 1
ERROR 1146 (42S02): Table 'khushboo.per' doesn't exist
MariaDB [KHUSHBOO]> insert into pet(name) values('123'); insert into pet(name) values('abc123');
Query OK, 1 row affected (0.08 sec)

Query OK, 1 row affected (0.09 sec)

MariaDB [KHUSHBOO]> select * from pet;
+----------+--------+---------+------+------------+------------+
| NAME     | OWNER  | SPECIES | SEX  | BIRTH      | DEATH      |
+----------+--------+---------+------+------------+------------+
| Fluffy   | Harold | cat     | f    | 1993-02-04 | 0000-00-00 |
| Claws    | Gwen   | cat     | m    | 1994-03-17 | 0000-00-00 |
| Buffy    | Harold | dog     | f    | 1989-05-13 | 0000-00-00 |
| Fang     | Benny  | dog     | m    | 1990-08-27 | 0000-00-00 |
| Bowser   | Diane  | dog     | m    | 1979-08-31 | 1995-07-29 |
| Chirpy   | Gwen   | bird    | f    | 1998-09-11 | 0000-00-00 |
| Whistler | Gwen   | bird    |      | 1997-12-09 | 0000-00-00 |
| Slim     | Benny  | snake   | m    | 1996-04-29 | 0000-00-00 |
| 123      | NULL   | NULL    | NULL | NULL       | NULL       |
| abc123   | NULL   | NULL    | NULL | NULL       | NULL       |
+----------+--------+---------+------+------------+------------+
10 rows in set (0.00 sec)

MariaDB [KHUSHBOO]> select * from pet where name regexp '^f';
+--------+--------+---------+------+------------+------------+
| NAME   | OWNER  | SPECIES | SEX  | BIRTH      | DEATH      |
+--------+--------+---------+------+------------+------------+
| Fluffy | Harold | cat     | f    | 1993-02-04 | 0000-00-00 |
| Fang   | Benny  | dog     | m    | 1990-08-27 | 0000-00-00 |
+--------+--------+---------+------+------------+------------+
2 rows in set (0.00 sec)

MariaDB [KHUSHBOO]> select * from pet where name regexp '^c';
+--------+-------+---------+------+------------+------------+
| NAME   | OWNER | SPECIES | SEX  | BIRTH      | DEATH      |
+--------+-------+---------+------+------------+------------+
| Claws  | Gwen  | cat     | m    | 1994-03-17 | 0000-00-00 |
| Chirpy | Gwen  | bird    | f    | 1998-09-11 | 0000-00-00 |
+--------+-------+---------+------+------------+------------+
2 rows in set (0.00 sec)

MariaDB [KHUSHBOO]> select * from pet where name regexp 'y$';
+--------+--------+---------+------+------------+------------+
| NAME   | OWNER  | SPECIES | SEX  | BIRTH      | DEATH      |
+--------+--------+---------+------+------------+------------+
| Fluffy | Harold | cat     | f    | 1993-02-04 | 0000-00-00 |
| Buffy  | Harold | dog     | f    | 1989-05-13 | 0000-00-00 |
| Chirpy | Gwen   | bird    | f    | 1998-09-11 | 0000-00-00 |
+--------+--------+---------+------+------------+------------+
3 rows in set (0.00 sec)

MariaDB [KHUSHBOO]> select * from pet where name rlyk 'y$';
ERROR 1064 (42000): You have an error in your SQL syntax; check the manual that corresponds to your MariaDB server version for the right syntax to use near 'rlyk 'y$'' at line 1
MariaDB [KHUSHBOO]> select * from pet where name rlike 'y$';
+--------+--------+---------+------+------------+------------+
| NAME   | OWNER  | SPECIES | SEX  | BIRTH      | DEATH      |
+--------+--------+---------+------+------------+------------+
| Fluffy | Harold | cat     | f    | 1993-02-04 | 0000-00-00 |
| Buffy  | Harold | dog     | f    | 1989-05-13 | 0000-00-00 |
| Chirpy | Gwen   | bird    | f    | 1998-09-11 | 0000-00-00 |
+--------+--------+---------+------+------------+------------+
3 rows in set (0.00 sec)

MariaDB [KHUSHBOO]> select * from pet where name regexp '^f.*y$';
+--------+--------+---------+------+------------+------------+
| NAME   | OWNER  | SPECIES | SEX  | BIRTH      | DEATH      |
+--------+--------+---------+------+------------+------------+
| Fluffy | Harold | cat     | f    | 1993-02-04 | 0000-00-00 |
+--------+--------+---------+------+------------+------------+
1 row in set (0.00 sec)

MariaDB [KHUSHBOO]> select * from pet where name regexp '^f.y$';
Empty set (0.00 sec)

MariaDB [KHUSHBOO]> select * from pet where name regexp '^f.+y$';
+--------+--------+---------+------+------------+------------+
| NAME   | OWNER  | SPECIES | SEX  | BIRTH      | DEATH      |
+--------+--------+---------+------+------------+------------+
| Fluffy | Harold | cat     | f    | 1993-02-04 | 0000-00-00 |
+--------+--------+---------+------+------------+------------+
1 row in set (0.00 sec)

MariaDB [KHUSHBOO]> select * from pet where name regexp '^[0-9]$';
Empty set (0.00 sec)

MariaDB [KHUSHBOO]> select * from pet where name regexp '^[0-9]+$';
+------+-------+---------+------+-------+-------+
| NAME | OWNER | SPECIES | SEX  | BIRTH | DEATH |
+------+-------+---------+------+-------+-------+
| 123  | NULL  | NULL    | NULL | NULL  | NULL  |
+------+-------+---------+------+-------+-------+
1 row in set (0.00 sec)

MariaDB [KHUSHBOO]> select * from pet where name regexp '^.H';
+----------+-------+---------+------+------------+------------+
| NAME     | OWNER | SPECIES | SEX  | BIRTH      | DEATH      |
+----------+-------+---------+------+------------+------------+
| Chirpy   | Gwen  | bird    | f    | 1998-09-11 | 0000-00-00 |
| Whistler | Gwen  | bird    |      | 1997-12-09 | 0000-00-00 |
+----------+-------+---------+------+------------+------------+
2 rows in set (0.00 sec)

MariaDB [KHUSHBOO]> INSERT INTO PET(NAME) WHERE NAME REGXP '^.H';
ERROR 1064 (42000): You have an error in your SQL syntax; check the manual that corresponds to your MariaDB server version for the right syntax to use near 'WHERE NAME REGXP '^.H'' at line 1
MariaDB [KHUSHBOO]> INSERT INTO PET  WHERE NAME REGXP '.H[0-9]';
ERROR 1064 (42000): You have an error in your SQL syntax; check the manual that corresponds to your MariaDB server version for the right syntax to use near 'WHERE NAME REGXP '.H[0-9]'' at line 1
MariaDB [KHUSHBOO]> INSERT INTO PET  WHERE NAME REGEXP '.H[0-9]';
ERROR 1064 (42000): You have an error in your SQL syntax; check the manual that corresponds to your MariaDB server version for the right syntax to use near 'WHERE NAME REGEXP '.H[0-9]'' at line 1
MariaDB [KHUSHBOO]> INSERT INTO PET  WHERE NAME REGEXP '.H[^0-9]';
ERROR 1064 (42000): You have an error in your SQL syntax; check the manual that corresponds to your MariaDB server version for the right syntax to use near 'WHERE NAME REGEXP '.H[^0-9]'' at line 1
MariaDB [KHUSHBOO]> INSERT INTO PET(NAME) VALUES('HH123');
Query OK, 1 row affected (0.08 sec)

MariaDB [KHUSHBOO]> select * from pet where name regexp '^.H';
+----------+-------+---------+------+------------+------------+
| NAME     | OWNER | SPECIES | SEX  | BIRTH      | DEATH      |
+----------+-------+---------+------+------------+------------+
| Chirpy   | Gwen  | bird    | f    | 1998-09-11 | 0000-00-00 |
| Whistler | Gwen  | bird    |      | 1997-12-09 | 0000-00-00 |
| HH123    | NULL  | NULL    | NULL | NULL       | NULL       |
+----------+-------+---------+------+------------+------------+
3 rows in set (0.00 sec)

MariaDB [KHUSHBOO]> INSERT INTO PET(NAME) WHERE NAME REGXP '^.H';
ERROR 1064 (42000): You have an error in your SQL syntax; check the manual that corresponds to your MariaDB server version for the right syntax to use near 'WHERE NAME REGXP '^.H'' at line 1
MariaDB [KHUSHBOO]> INSERT INTO PET  WHERE NAME REGEXP '.H[0-9]';
ERROR 1064 (42000): You have an error in your SQL syntax; check the manual that corresponds to your MariaDB server version for the right syntax to use near 'WHERE NAME REGEXP '.H[0-9]'' at line 1
MariaDB [KHUSHBOO]> INSERT INTO PET  WHERE NAME REGEXP '.H[^0-9]';
ERROR 1064 (42000): You have an error in your SQL syntax; check the manual that corresponds to your MariaDB server version for the right syntax to use near 'WHERE NAME REGEXP '.H[^0-9]'' at line 1
MariaDB [KHUSHBOO]> select * from pet where name regexp '^.H';
+----------+-------+---------+------+------------+------------+
| NAME     | OWNER | SPECIES | SEX  | BIRTH      | DEATH      |
+----------+-------+---------+------+------------+------------+
| Chirpy   | Gwen  | bird    | f    | 1998-09-11 | 0000-00-00 |
| Whistler | Gwen  | bird    |      | 1997-12-09 | 0000-00-00 |
| HH123    | NULL  | NULL    | NULL | NULL       | NULL       |
+----------+-------+---------+------+------------+------------+
3 rows in set (0.00 sec)

MariaDB [KHUSHBOO]> select * from pet where name regexp '^.H[0-9]';
+-------+-------+---------+------+-------+-------+
| NAME  | OWNER | SPECIES | SEX  | BIRTH | DEATH |
+-------+-------+---------+------+-------+-------+
| HH123 | NULL  | NULL    | NULL | NULL  | NULL  |
+-------+-------+---------+------+-------+-------+
1 row in set (0.00 sec)

MariaDB [KHUSHBOO]> select * from pet where name regexp '^H[0-9]';
Empty set (0.00 sec)

MariaDB [KHUSHBOO]> select * from pet where name regexp '.H[0-9]';
+-------+-------+---------+------+-------+-------+
| NAME  | OWNER | SPECIES | SEX  | BIRTH | DEATH |
+-------+-------+---------+------+-------+-------+
| HH123 | NULL  | NULL    | NULL | NULL  | NULL  |
+-------+-------+---------+------+-------+-------+
1 row in set (0.00 sec)

MariaDB [KHUSHBOO]> select * from pet where name regexp '.H[^0-9]';
+----------+-------+---------+------+------------+------------+
| NAME     | OWNER | SPECIES | SEX  | BIRTH      | DEATH      |
+----------+-------+---------+------+------------+------------+
| Chirpy   | Gwen  | bird    | f    | 1998-09-11 | 0000-00-00 |
| Whistler | Gwen  | bird    |      | 1997-12-09 | 0000-00-00 |
+----------+-------+---------+------+------------+------------+
2 rows in set (0.00 sec)

MariaDB [KHUSHBOO]> select * from pet where name regexp '.H[^A-Z]';
+-------+-------+---------+------+-------+-------+
| NAME  | OWNER | SPECIES | SEX  | BIRTH | DEATH |
+-------+-------+---------+------+-------+-------+
| HH123 | NULL  | NULL    | NULL | NULL  | NULL  |
+-------+-------+---------+------+-------+-------+
1 row in set (0.00 sec)

MariaDB [KHUSHBOO]> select * from pet where name regexp '^[0-9]';
+------+-------+---------+------+-------+-------+
| NAME | OWNER | SPECIES | SEX  | BIRTH | DEATH |
+------+-------+---------+------+-------+-------+
| 123  | NULL  | NULL    | NULL | NULL  | NULL  |
+------+-------+---------+------+-------+-------+
1 row in set (0.00 sec)

MariaDB [KHUSHBOO]> select * from pet where name regexp '^[0-9]{2}';
+------+-------+---------+------+-------+-------+
| NAME | OWNER | SPECIES | SEX  | BIRTH | DEATH |
+------+-------+---------+------+-------+-------+
| 123  | NULL  | NULL    | NULL | NULL  | NULL  |
+------+-------+---------+------+-------+-------+
1 row in set (0.00 sec)

MariaDB [KHUSHBOO]> select * from pet where name regexp '^[0-9]{4}';
Empty set (0.00 sec)

MariaDB [KHUSHBOO]> select * from pet where name regexp '^[0-9]{3}$';
+------+-------+---------+------+-------+-------+
| NAME | OWNER | SPECIES | SEX  | BIRTH | DEATH |
+------+-------+---------+------+-------+-------+
| 123  | NULL  | NULL    | NULL | NULL  | NULL  |
+------+-------+---------+------+-------+-------+
1 row in set (0.00 sec)

